Archive member included to satisfy reference by file (symbol)

c:/siliconlabs/simplicitystudio/v5/developer/toolchains/gnu_arm/12.2.rel1_2023.7/bin/../lib/gcc/arm-none-eabi/12.2.1/thumb/v8-m.main+fp/hard\libgcc.a(_arm_addsubdf3.o)
                              ./gecko_sdk_4.4.5/hardware/driver/imu/src/sl_imu_math.o (__aeabi_dsub)
c:/siliconlabs/simplicitystudio/v5/developer/toolchains/gnu_arm/12.2.rel1_2023.7/bin/../lib/gcc/arm-none-eabi/12.2.1/thumb/v8-m.main+fp/hard\libgcc.a(_arm_truncdfsf2.o)
                              ./gecko_sdk_4.4.5/hardware/driver/imu/src/sl_imu_math.o (__aeabi_d2f)
c:/siliconlabs/simplicitystudio/v5/developer/toolchains/gnu_arm/12.2.rel1_2023.7/bin/../lib/gcc/arm-none-eabi/12.2.1/thumb/v8-m.main+fp/hard\libgcc.a(_aeabi_ldivmod.o)
                              ./gecko_sdk_4.4.5/platform/emlib/src/em_eusart.o (__aeabi_ldivmod)
c:/siliconlabs/simplicitystudio/v5/developer/toolchains/gnu_arm/12.2.rel1_2023.7/bin/../lib/gcc/arm-none-eabi/12.2.1/thumb/v8-m.main+fp/hard\libgcc.a(_aeabi_uldivmod.o)
                              ./gecko_sdk_4.4.5/platform/emlib/src/em_eusart.o (__aeabi_uldivmod)
c:/siliconlabs/simplicitystudio/v5/developer/toolchains/gnu_arm/12.2.rel1_2023.7/bin/../lib/gcc/arm-none-eabi/12.2.1/thumb/v8-m.main+fp/hard\libgcc.a(_udivmoddi4.o)
                              c:/siliconlabs/simplicitystudio/v5/developer/toolchains/gnu_arm/12.2.rel1_2023.7/bin/../lib/gcc/arm-none-eabi/12.2.1/thumb/v8-m.main+fp/hard\libgcc.a(_aeabi_ldivmod.o) (__udivmoddi4)
c:/siliconlabs/simplicitystudio/v5/developer/toolchains/gnu_arm/12.2.rel1_2023.7/bin/../lib/gcc/arm-none-eabi/12.2.1/thumb/v8-m.main+fp/hard\libgcc.a(_dvmd_tls.o)
                              c:/siliconlabs/simplicitystudio/v5/developer/toolchains/gnu_arm/12.2.rel1_2023.7/bin/../lib/gcc/arm-none-eabi/12.2.1/thumb/v8-m.main+fp/hard\libgcc.a(_aeabi_ldivmod.o) (__aeabi_ldiv0)
c:/siliconlabs/simplicitystudio/v5/developer/toolchains/gnu_arm/12.2.rel1_2023.7/bin/../lib/gcc/arm-none-eabi/12.2.1/thumb/v8-m.main+fp/hard\libc_nano.a(libc_a-assert.o)
                              ./machine_learning_applications_1.0.0/component/libfort/fort.o (__assert_func)
c:/siliconlabs/simplicitystudio/v5/developer/toolchains/gnu_arm/12.2.rel1_2023.7/bin/../lib/gcc/arm-none-eabi/12.2.1/thumb/v8-m.main+fp/hard\libc_nano.a(libc_a-calloc.o)
                              ./machine_learning_applications_1.0.0/component/htm/src/sl_htm_sdr.o (calloc)
c:/siliconlabs/simplicitystudio/v5/developer/toolchains/gnu_arm/12.2.rel1_2023.7/bin/../lib/gcc/arm-none-eabi/12.2.1/thumb/v8-m.main+fp/hard\libc_nano.a(libc_a-callocr.o)
                              c:/siliconlabs/simplicitystudio/v5/developer/toolchains/gnu_arm/12.2.rel1_2023.7/bin/../lib/gcc/arm-none-eabi/12.2.1/thumb/v8-m.main+fp/hard\libc_nano.a(libc_a-calloc.o) (_calloc_r)
c:/siliconlabs/simplicitystudio/v5/developer/toolchains/gnu_arm/12.2.rel1_2023.7/bin/../lib/gcc/arm-none-eabi/12.2.1/thumb/v8-m.main+fp/hard\libc_nano.a(libc_a-exit.o)
                              c:/siliconlabs/simplicitystudio/v5/developer/toolchains/gnu_arm/12.2.rel1_2023.7/bin/../lib/gcc/arm-none-eabi/12.2.1/thumb/v8-m.main+fp/hard/crt0.o (exit)
c:/siliconlabs/simplicitystudio/v5/developer/toolchains/gnu_arm/12.2.rel1_2023.7/bin/../lib/gcc/arm-none-eabi/12.2.1/thumb/v8-m.main+fp/hard\libc_nano.a(libc_a-malloc.o)
                              ./machine_learning_applications_1.0.0/component/htm/src/sl_htm_sp.o (malloc)
c:/siliconlabs/simplicitystudio/v5/developer/toolchains/gnu_arm/12.2.rel1_2023.7/bin/../lib/gcc/arm-none-eabi/12.2.1/thumb/v8-m.main+fp/hard\libc_nano.a(libc_a-mallocr.o)
                              c:/siliconlabs/simplicitystudio/v5/developer/toolchains/gnu_arm/12.2.rel1_2023.7/bin/../lib/gcc/arm-none-eabi/12.2.1/thumb/v8-m.main+fp/hard\libc_nano.a(libc_a-callocr.o) (_malloc_r)
c:/siliconlabs/simplicitystudio/v5/developer/toolchains/gnu_arm/12.2.rel1_2023.7/bin/../lib/gcc/arm-none-eabi/12.2.1/thumb/v8-m.main+fp/hard\libc_nano.a(libc_a-mlock.o)
                              c:/siliconlabs/simplicitystudio/v5/developer/toolchains/gnu_arm/12.2.rel1_2023.7/bin/../lib/gcc/arm-none-eabi/12.2.1/thumb/v8-m.main+fp/hard\libc_nano.a(libc_a-mallocr.o) (__malloc_lock)
c:/siliconlabs/simplicitystudio/v5/developer/toolchains/gnu_arm/12.2.rel1_2023.7/bin/../lib/gcc/arm-none-eabi/12.2.1/thumb/v8-m.main+fp/hard\libc_nano.a(libc_a-rand.o)
                              ./machine_learning_applications_1.0.0/component/htm/src/sl_htm_sdr.o (rand)
c:/siliconlabs/simplicitystudio/v5/developer/toolchains/gnu_arm/12.2.rel1_2023.7/bin/../lib/gcc/arm-none-eabi/12.2.1/thumb/v8-m.main+fp/hard\libc_nano.a(libc_a-realloc.o)
                              ./machine_learning_applications_1.0.0/component/htm/src/sl_htm_tm_types.o (realloc)
c:/siliconlabs/simplicitystudio/v5/developer/toolchains/gnu_arm/12.2.rel1_2023.7/bin/../lib/gcc/arm-none-eabi/12.2.1/thumb/v8-m.main+fp/hard\libc_nano.a(libc_a-reallocr.o)
[...]
Memory Configuration

Name             Origin             Length             Attributes
FLASH            0x08000000         0x0017e000         xr
RAM              0x20000000         0x00040000         xrw
*default*        0x00000000         0xffffffff

Linker script and memory map

LOAD c:/siliconlabs/simplicitystudio/v5/developer/toolchains/gnu_arm/12.2.rel1_2023.7/bin/../lib/gcc/arm-none-eabi/12.2.1/thumb/v8-m.main+fp/hard/crti.o
LOAD c:/siliconlabs/simplicitystudio/v5/developer/toolchains/gnu_arm/12.2.rel1_2023.7/bin/../lib/gcc/arm-none-eabi/12.2.1/thumb/v8-m.main+fp/hard/crtbegin.o
LOAD c:/siliconlabs/simplicitystudio/v5/developer/toolchains/gnu_arm/12.2.rel1_2023.7/bin/../lib/gcc/arm-none-eabi/12.2.1/thumb/v8-m.main+fp/hard/crt0.o
START GROUP
LOAD ./accelerometer.o
LOAD ./app.o
LOAD ./main.o
LOAD ./autogen/sl_board_default_init.o
LOAD ./autogen/sl_device_init_clocks.o
LOAD ./autogen/sl_event_handler.o
LOAD ./autogen/sl_iostream_handles.o
LOAD ./autogen/sl_iostream_init_eusart_instances.o
LOAD ./autogen/sl_simple_led_instances.o
LOAD ./gecko_sdk_4.4.5/app/common/util/app_log/app_log.o
LOAD ./gecko_sdk_4.4.5/hardware/board/src/sl_board_control_gpio.o
LOAD ./gecko_sdk_4.4.5/hardware/board/src/sl_board_init.o
LOAD ./gecko_sdk_4.4.5/hardware/driver/configuration_over_swo/src/sl_cos.o
LOAD ./gecko_sdk_4.4.5/hardware/driver/icm20689/src/sl_icm20689.o
LOAD ./gecko_sdk_4.4.5/hardware/driver/imu/src/sl_imu_dcm.o
LOAD ./gecko_sdk_4.4.5/hardware/driver/imu/src/sl_imu_fuse.o
LOAD ./gecko_sdk_4.4.5/hardware/driver/imu/src/sl_imu_icm20689.o
LOAD ./gecko_sdk_4.4.5/hardware/driver/imu/src/sl_imu_math.o
LOAD ./gecko_sdk_4.4.5/hardware/driver/mx25_flash_shutdown/src/sl_mx25_flash_shutdown_usart/sl_mx25_flash_shutdown.o
LOAD ./gecko_sdk_4.4.5/platform/Device/SiliconLabs/EFR32MG24/Source/startup_efr32mg24.o
LOAD ./gecko_sdk_4.4.5/platform/Device/SiliconLabs/EFR32MG24/Source/system_efr32mg24.o
LOAD ./gecko_sdk_4.4.5/platform/common/src/sl_assert.o
LOAD ./gecko_sdk_4.4.5/platform/common/src/sl_slist.o
LOAD ./gecko_sdk_4.4.5/platform/common/src/sl_string.o
LOAD ./gecko_sdk_4.4.5/platform/common/src/sl_syscalls.o
LOAD ./gecko_sdk_4.4.5/platform/common/toolchain/src/sl_memory.o
LOAD ./gecko_sdk_4.4.5/platform/driver/debug/src/sl_debug_swo.o
LOAD ./gecko_sdk_4.4.5/platform/driver/leddrv/src/sl_led.o
LOAD ./gecko_sdk_4.4.5/platform/driver/leddrv/src/sl_simple_led.o
LOAD ./gecko_sdk_4.4.5/platform/emdrv/dmadrv/src/dmadrv.o
LOAD ./gecko_sdk_4.4.5/platform/emdrv/gpiointerrupt/src/gpiointerrupt.o
LOAD ./gecko_sdk_4.4.5/platform/emlib/src/em_burtc.o
LOAD ./gecko_sdk_4.4.5/platform/emlib/src/em_cmu.o
LOAD ./gecko_sdk_4.4.5/platform/emlib/src/em_core.o
LOAD ./gecko_sdk_4.4.5/platform/emlib/src/em_emu.o
LOAD ./gecko_sdk_4.4.5/platform/emlib/src/em_eusart.o
LOAD ./gecko_sdk_4.4.5/platform/emlib/src/em_gpio.o
LOAD ./gecko_sdk_4.4.5/platform/emlib/src/em_ldma.o
LOAD ./gecko_sdk_4.4.5/platform/emlib/src/em_msc.o
LOAD ./gecko_sdk_4.4.5/platform/emlib/src/em_prs.o
LOAD ./gecko_sdk_4.4.5/platform/emlib/src/em_system.o
LOAD ./gecko_sdk_4.4.5/platform/emlib/src/em_timer.o
LOAD ./gecko_sdk_4.4.5/platform/emlib/src/em_usart.o
LOAD ./gecko_sdk_4.4.5/platform/peripheral/src/peripheral_sysrtc.o
LOAD ./gecko_sdk_4.4.5/platform/service/device_init/src/sl_device_init_dcdc_s2.o
LOAD ./gecko_sdk_4.4.5/platform/service/device_init/src/sl_device_init_dpll_s2.o
LOAD ./gecko_sdk_4.4.5/platform/service/device_init/src/sl_device_init_emu_s2.o
LOAD ./gecko_sdk_4.4.5/platform/service/device_init/src/sl_device_init_hfxo_s2.o
LOAD ./gecko_sdk_4.4.5/platform/service/device_init/src/sl_device_init_lfxo_s2.o
LOAD ./gecko_sdk_4.4.5/platform/service/device_init/src/sl_device_init_nvic.o
LOAD ./gecko_sdk_4.4.5/platform/service/iostream/src/sl_iostream.o
LOAD ./gecko_sdk_4.4.5/platform/service/iostream/src/sl_iostream_eusart.o
LOAD ./gecko_sdk_4.4.5/platform/service/iostream/src/sl_iostream_retarget_stdio.o
LOAD ./gecko_sdk_4.4.5/platform/service/iostream/src/sl_iostream_stdlib_config.o
LOAD ./gecko_sdk_4.4.5/platform/service/iostream/src/sl_iostream_uart.o
LOAD ./gecko_sdk_4.4.5/platform/service/sleeptimer/src/sl_sleeptimer.o
LOAD ./gecko_sdk_4.4.5/platform/service/sleeptimer/src/sl_sleeptimer_hal_burtc.o
LOAD ./gecko_sdk_4.4.5/platform/service/sleeptimer/src/sl_sleeptimer_hal_sysrtc.o
LOAD ./gecko_sdk_4.4.5/platform/service/sleeptimer/src/sl_sleeptimer_hal_timer.o
LOAD ./gecko_sdk_4.4.5/platform/service/system/src/sl_system_init.o
LOAD ./gecko_sdk_4.4.5/platform/service/system/src/sl_system_process_action.o
LOAD ./gecko_sdk_4.4.5/platform/service/udelay/src/sl_udelay.o
LOAD ./gecko_sdk_4.4.5/platform/service/udelay/src/sl_udelay_armv6m_gcc.o
LOAD ./machine_learning_applications_1.0.0/component/htm/src/sl_htm.o
LOAD ./machine_learning_applications_1.0.0/component/htm/src/sl_htm_encoder.o
LOAD ./machine_learning_applications_1.0.0/component/htm/src/sl_htm_sdr.o
LOAD ./machine_learning_applications_1.0.0/component/htm/src/sl_htm_sp.o
LOAD ./machine_learning_applications_1.0.0/component/htm/src/sl_htm_tm.o
LOAD ./machine_learning_applications_1.0.0/component/htm/src/sl_htm_tm_cell.o
LOAD ./machine_learning_applications_1.0.0/component/htm/src/sl_htm_tm_column.o
LOAD ./machine_learning_applications_1.0.0/component/htm/src/sl_htm_tm_segment.o
LOAD ./machine_learning_applications_1.0.0/component/htm/src/sl_htm_tm_synapse.o
LOAD ./machine_learning_applications_1.0.0/component/htm/src/sl_htm_tm_types.o
LOAD ./machine_learning_applications_1.0.0/component/htm/src/sl_htm_utils.o
LOAD ./machine_learning_applications_1.0.0/component/libfort/fort.o
LOAD c:/siliconlabs/simplicitystudio/v5/developer/toolchains/gnu_arm/12.2.rel1_2023.7/bin/../lib/gcc/arm-none-eabi/12.2.1/thumb/v8-m.main+fp/hard\libgcc.a
LOAD c:/siliconlabs/simplicitystudio/v5/developer/toolchains/gnu_arm/12.2.rel1_2023.7/bin/../lib/gcc/arm-none-eabi/12.2.1/thumb/v8-m.main+fp/hard\libc_nano.a
LOAD c:/siliconlabs/simplicitystudio/v5/developer/toolchains/gnu_arm/12.2.rel1_2023.7/bin/../lib/gcc/arm-none-eabi/12.2.1/thumb/v8-m.main+fp/hard\libm.a
LOAD c:/siliconlabs/simplicitystudio/v5/developer/toolchains/gnu_arm/12.2.rel1_2023.7/bin/../lib/gcc/arm-none-eabi/12.2.1/thumb/v8-m.main+fp/hard\libnosys.a
END GROUP
START GROUP
LOAD c:/siliconlabs/simplicitystudio/v5/developer/toolchains/gnu_arm/12.2.rel1_2023.7/bin/../lib/gcc/arm-none-eabi/12.2.1/thumb/v8-m.main+fp/hard\libgcc.a
LOAD c:/siliconlabs/simplicitystudio/v5/developer/toolchains/gnu_arm/12.2.rel1_2023.7/bin/../lib/gcc/arm-none-eabi/12.2.1/thumb/v8-m.main+fp/hard\libc_nano.a
LOAD c:/siliconlabs/simplicitystudio/v5/developer/toolchains/gnu_arm/12.2.rel1_2023.7/bin/../lib/gcc/arm-none-eabi/12.2.1/thumb/v8-m.main+fp/hard\libnosys.a
END GROUP
START GROUP
LOAD c:/siliconlabs/simplicitystudio/v5/developer/toolchains/gnu_arm/12.2.rel1_2023.7/bin/../lib/gcc/arm-none-eabi/12.2.1/thumb/v8-m.main+fp/hard\libgcc.a
LOAD c:/siliconlabs/simplicitystudio/v5/developer/toolchains/gnu_arm/12.2.rel1_2023.7/bin/../lib/gcc/arm-none-eabi/12.2.1/thumb/v8-m.main+fp/hard\libg_nano.a
LOAD c:/siliconlabs/simplicitystudio/v5/developer/toolchains/gnu_arm/12.2.rel1_2023.7/bin/../lib/gcc/arm-none-eabi/12.2.1/thumb/v8-m.main+fp/hard\libc_nano.a
END GROUP
START GROUP
LOAD c:/siliconlabs/simplicitystudio/v5/developer/toolchains/gnu_arm/12.2.rel1_2023.7/bin/../lib/gcc/arm-none-eabi/12.2.1/thumb/v8-m.main+fp/hard\libgcc.a
LOAD c:/siliconlabs/simplicitystudio/v5/developer/toolchains/gnu_arm/12.2.rel1_2023.7/bin/../lib/gcc/arm-none-eabi/12.2.1/thumb/v8-m.main+fp/hard\libc_nano.a
END GROUP
LOAD c:/siliconlabs/simplicitystudio/v5/developer/toolchains/gnu_arm/12.2.rel1_2023.7/bin/../lib/gcc/arm-none-eabi/12.2.1/thumb/v8-m.main+fp/hard/crtend.o
LOAD c:/siliconlabs/simplicitystudio/v5/developer/toolchains/gnu_arm/12.2.rel1_2023.7/bin/../lib/gcc/arm-none-eabi/12.2.1/thumb/v8-m.main+fp/hard/crtn.o

.text           0x08000000    0x10e84
                0x08000000                linker_vectors_begin = .
 *(.vectors)
 .vectors       0x08000000      0x170 ./gecko_sdk_4.4.5/platform/Device/SiliconLabs/EFR32MG24/Source/startup_efr32mg24.o
                0x08000000                __Vectors
                0x08000170                linker_vectors_end = .
                0x08000170                __Vectors_End = .
                0x08000170                __Vectors_Size = (__Vectors_End - __Vectors)
                0x08000170                linker_code_begin = .
 *(SORT_BY_ALIGNMENT(.text*))
 .text          0x08000170        0x8 ./gecko_sdk_4.4.5/platform/service/udelay/src/sl_udelay_armv6m_gcc.o
                0x08000170                sli_delay_loop
 .text.sl_imu_normalize_angle
                0x08000178       0x80 ./gecko_sdk_4.4.5/hardware/driver/imu/src/sl_imu_math.o
                0x08000178                sl_imu_normalize_angle
 .text._dtoa_r  0x080001f8      0xc54 c:/siliconlabs/simplicitystudio/v5/developer/toolchains/gnu_arm/12.2.rel1_2023.7/bin/../lib/gcc/arm-none-eabi/12.2.1/thumb/v8-m.main+fp/hard\libc_nano.a(libc_a-dtoa.o)
                0x080001f8                _dtoa_r
 *fill*         0x08000e4c        0x4 
 .text._svfwprintf_r
                0x08000e50      0xb50 c:/siliconlabs/simplicitystudio/v5/developer/toolchains/gnu_arm/12.2.rel1_2023.7/bin/../lib/gcc/arm-none-eabi/12.2.1/thumb/v8-m.main+fp/hard\libc_nano.a(libc_a-svfwprintf.o)
                0x08000e50                _svfwprintf_r
 .text.deregister_tm_clones
                0x080019a0       0x1c c:/siliconlabs/simplicitystudio/v5/developer/toolchains/gnu_arm/12.2.rel1_2023.7/bin/../lib/gcc/arm-none-eabi/12.2.1/thumb/v8-m.main+fp/hard/crtbegin.o
 .text.register_tm_clones
                0x080019bc       0x28 c:/siliconlabs/simplicitystudio/v5/developer/toolchains/gnu_arm/12.2.rel1_2023.7/bin/../lib/gcc/arm-none-eabi/12.2.1/thumb/v8-m.main+fp/hard/crtbegin.o
 .text.__do_global_dtors_aux
                0x080019e4       0x28 c:/siliconlabs/simplicitystudio/v5/developer/toolchains/gnu_arm/12.2.rel1_2023.7/bin/../lib/gcc/arm-none-eabi/12.2.1/thumb/v8-m.main+fp/hard/crtbegin.o
 .text.frame_dummy
                0x08001a0c       0x24 c:/siliconlabs/simplicitystudio/v5/developer/toolchains/gnu_arm/12.2.rel1_2023.7/bin/../lib/gcc/arm-none-eabi/12.2.1/thumb/v8-m.main+fp/hard/crtbegin.o
 .text          0x08001a30       0x7c c:/siliconlabs/simplicitystudio/v5/developer/toolchains/gnu_arm/12.2.rel1_2023.7/bin/../lib/gcc/arm-none-eabi/12.2.1/thumb/v8-m.main+fp/hard/crt0.o
                0x08001a30                _stack_init
                0x08001a38                _start
                0x08001a38                _mainCRTStartup
 .text.on_data_available
                0x08001aac       0x2c ./app.o
 .text.app_init
                0x08001ad8       0xd4 ./app.o
                0x08001ad8                app_init
 .text.app_process_action
                0x08001bac      0x200 ./app.o
                0x08001bac                app_process_action
 .text.HardFault_Handler
                0x08001dac       0x10 ./app.o
                0x08001dac                HardFault_Handler
 .text.sl_device_init_clocks
                0x08001dbc       0x90 ./autogen/sl_device_init_clocks.o
                0x08001dbc                sl_device_init_clocks
 .text.sl_iostream_eusart_init_vcom
                0x08001e4c       0xac ./autogen/sl_iostream_init_eusart_instances.o
                0x08001e4c                sl_iostream_eusart_init_vcom
 .text.EUSART0_RX_IRQHandler
                0x08001ef8        0xc ./autogen/sl_iostream_init_eusart_instances.o
                0x08001ef8                EUSART0_RX_IRQHandler
 .text.sl_simple_led_init_instances
                0x08001f04       0x1c ./autogen/sl_simple_led_instances.o
                0x08001f04                sl_simple_led_init_instances
 .text.app_log_init
                0x08001f20       0x38 ./gecko_sdk_4.4.5/app/common/util/app_log/app_log.o
                0x08001f20                app_log_init
 .text.sl_board_enable_sensor
                0x08001f58       0x4c ./gecko_sdk_4.4.5/hardware/board/src/sl_board_control_gpio.o
                0x08001f58                sl_board_enable_sensor
 .text.sl_icm20689_chip_select_set.part.0
                0x08001fa4        0xc ./gecko_sdk_4.4.5/hardware/driver/icm20689/src/sl_icm20689.o
 .text.sl_icm20689_read_register
                0x08001fb0       0x3c ./gecko_sdk_4.4.5/hardware/driver/icm20689/src/sl_icm20689.o
                0x08001fb0                sl_icm20689_read_register
 .text.sl_icm20689_write_register
                0x08001fec       0x30 ./gecko_sdk_4.4.5/hardware/driver/icm20689/src/sl_icm20689.o
                0x08001fec                sl_icm20689_write_register
 .text.sl_icm20689_spi_init
                0x0800201c       0xb0 ./gecko_sdk_4.4.5/hardware/driver/icm20689/src/sl_icm20689.o
                0x0800201c                sl_icm20689_spi_init
 .text.sl_icm20689_set_sample_rate
                0x080020cc       0x74 ./gecko_sdk_4.4.5/hardware/driver/icm20689/src/sl_icm20689.o
                0x080020cc                sl_icm20689_set_sample_rate
 .text.sl_icm20689_accel_get_resolution
                0x08002140       0x5c ./gecko_sdk_4.4.5/hardware/driver/icm20689/src/sl_icm20689.o
                0x08002140                sl_icm20689_accel_get_resolution
 .text.sl_icm20689_gyro_get_resolution
                0x0800219c       0x64 ./gecko_sdk_4.4.5/hardware/driver/icm20689/src/sl_icm20689.o
                0x0800219c                sl_icm20689_gyro_get_resolution
 .text.sl_icm20689_calibrate_gyro
                0x08002200      0x1cc ./gecko_sdk_4.4.5/hardware/driver/icm20689/src/sl_icm20689.o
                0x08002200                sl_icm20689_calibrate_gyro
 .text.sl_imu_fuse_gyro_set_sample_rate
                0x080023cc       0x24 ./gecko_sdk_4.4.5/hardware/driver/imu/src/sl_imu_fuse.o
                0x080023cc                sl_imu_fuse_gyro_set_sample_rate
 .text.sl_imu_fuse_gyro_calculate_correction_vector
                0x080023f0      0x120 ./gecko_sdk_4.4.5/hardware/driver/imu/src/sl_imu_fuse.o
                0x080023f0                sl_imu_fuse_gyro_calculate_correction_vector
 .text.sl_imu_fuse_update
                0x08002510       0x64 ./gecko_sdk_4.4.5/hardware/driver/imu/src/sl_imu_fuse.o
                0x08002510                sl_imu_fuse_update
 .text.sl_imu_init
                0x08002574       0x48 ./gecko_sdk_4.4.5/hardware/driver/imu/src/sl_imu_icm20689.o
                0x08002574                sl_imu_init
 .text.sl_imu_get_state
                0x080025bc        0xc ./gecko_sdk_4.4.5/hardware/driver/imu/src/sl_imu_icm20689.o
                0x080025bc                sl_imu_get_state
 .text.sl_imu_configure
                0x080025c8       0x8c ./gecko_sdk_4.4.5/hardware/driver/imu/src/sl_imu_icm20689.o
                0x080025c8                sl_imu_configure
 .text.sl_imu_get_acceleration
                0x08002654       0x74 ./gecko_sdk_4.4.5/hardware/driver/imu/src/sl_imu_icm20689.o
                0x08002654                sl_imu_get_acceleration
 .text.sl_imu_update
                0x080026c8        0xc ./gecko_sdk_4.4.5/hardware/driver/imu/src/sl_imu_icm20689.o
                0x080026c8                sl_imu_update
 .text.sl_imu_get_acceleration_raw_data
                0x080026d4       0x1c ./gecko_sdk_4.4.5/hardware/driver/imu/src/sl_imu_icm20689.o
                0x080026d4                sl_imu_get_acceleration_raw_data
 .text.sl_imu_get_gyro_raw_data
                0x080026f0       0x1c ./gecko_sdk_4.4.5/hardware/driver/imu/src/sl_imu_icm20689.o
                0x080026f0                sl_imu_get_gyro_raw_data
 .text.sl_imu_is_data_ready
                0x0800270c       0x34 ./gecko_sdk_4.4.5/hardware/driver/imu/src/sl_imu_icm20689.o
                0x0800270c                sl_imu_is_data_ready
 .text.sl_imu_vector_dot_product
                0x08002740       0x20 ./gecko_sdk_4.4.5/hardware/driver/imu/src/sl_imu_math.o
                0x08002740                sl_imu_vector_dot_product
 .text.cs_high  0x08002760       0x10 ./gecko_sdk_4.4.5/hardware/driver/mx25_flash_shutdown/src/sl_mx25_flash_shutdown_usart/sl_mx25_flash_shutdown.o
 .text.cs_low   0x08002770       0x10 ./gecko_sdk_4.4.5/hardware/driver/mx25_flash_shutdown/src/sl_mx25_flash_shutdown_usart/sl_mx25_flash_shutdown.o
 .text.sl_mx25_flash_shutdown
                0x08002780      0x118 ./gecko_sdk_4.4.5/hardware/driver/mx25_flash_shutdown/src/sl_mx25_flash_shutdown_usart/sl_mx25_flash_shutdown.o
                0x08002780                sl_mx25_flash_shutdown
 .text.CopyRamFuncs
                0x08002898       0x1c ./gecko_sdk_4.4.5/platform/Device/SiliconLabs/EFR32MG24/Source/startup_efr32mg24.o
                0x08002898                CopyRamFuncs
 .text.Reset_Handler
                0x080028b4       0x64 ./gecko_sdk_4.4.5/platform/Device/SiliconLabs/EFR32MG24/Source/startup_efr32mg24.o
                0x080028b4                Reset_Handler
 .text.SystemInit
                0x08002918       0x68 ./gecko_sdk_4.4.5/platform/Device/SiliconLabs/EFR32MG24/Source/system_efr32mg24.o
                0x08002918                SystemInit
 .text.SystemHFRCODPLLClockGet
                0x08002980        0xc ./gecko_sdk_4.4.5/platform/Device/SiliconLabs/EFR32MG24/Source/system_efr32mg24.o
                0x08002980                SystemHFRCODPLLClockGet
 .text.SystemHFRCODPLLClockSet
                0x0800298c        0xc ./gecko_sdk_4.4.5/platform/Device/SiliconLabs/EFR32MG24/Source/system_efr32mg24.o
                0x0800298c                SystemHFRCODPLLClockSet
 .text.SystemSYSCLKGet
                0x08002998       0x34 ./gecko_sdk_4.4.5/platform/Device/SiliconLabs/EFR32MG24/Source/system_efr32mg24.o
                0x08002998                SystemSYSCLKGet
 .text.SystemHCLKGet
                0x080029cc       0x24 ./gecko_sdk_4.4.5/platform/Device/SiliconLabs/EFR32MG24/Source/system_efr32mg24.o
                0x080029cc                SystemHCLKGet
 .text.SystemMaxCoreClockGet
                0x080029f0        0x8 ./gecko_sdk_4.4.5/platform/Device/SiliconLabs/EFR32MG24/Source/system_efr32mg24.o
                0x080029f0                SystemMaxCoreClockGet
 .text.SystemHFXOClockGet
                0x080029f8        0xc ./gecko_sdk_4.4.5/platform/Device/SiliconLabs/EFR32MG24/Source/system_efr32mg24.o
                0x080029f8                SystemHFXOClockGet
 .text.SystemHFXOClockSet
                0x08002a04       0x20 ./gecko_sdk_4.4.5/platform/Device/SiliconLabs/EFR32MG24/Source/system_efr32mg24.o
                0x08002a04                SystemHFXOClockSet
 .text.SystemFSRCOClockGet
                0x08002a24        0x8 ./gecko_sdk_4.4.5/platform/Device/SiliconLabs/EFR32MG24/Source/system_efr32mg24.o
                0x08002a24                SystemFSRCOClockGet
 .text.SystemHFRCOEM23ClockGet
                0x08002a2c       0x84 ./gecko_sdk_4.4.5/platform/Device/SiliconLabs/EFR32MG24/Source/system_efr32mg24.o
                0x08002a2c                SystemHFRCOEM23ClockGet
 .text.SystemLFXOClockGet
                0x08002ab0        0xc ./gecko_sdk_4.4.5/platform/Device/SiliconLabs/EFR32MG24/Source/system_efr32mg24.o
                0x08002ab0                SystemLFXOClockGet
 .text._sbrk    0x08002abc       0x20 ./gecko_sdk_4.4.5/platform/common/toolchain/src/sl_memory.o
                0x08002abc                _sbrk
 .text.sl_debug_swo_init
                0x08002adc      0x114 ./gecko_sdk_4.4.5/platform/driver/debug/src/sl_debug_swo.o
                0x08002adc                sl_debug_swo_init
 .text.sl_debug_swo_write_u8
                0x08002bf0       0x44 ./gecko_sdk_4.4.5/platform/driver/debug/src/sl_debug_swo.o
                0x08002bf0                sl_debug_swo_write_u8
 .text.GPIO_PinOutClear
                0x08002c34       0x3c ./gecko_sdk_4.4.5/platform/driver/leddrv/src/sl_simple_led.o
 .text.GPIO_PinOutSet
                0x08002c70       0x3c ./gecko_sdk_4.4.5/platform/driver/leddrv/src/sl_simple_led.o
 .text.sl_simple_led_toggle
                0x08002cac       0x3c ./gecko_sdk_4.4.5/platform/driver/leddrv/src/sl_simple_led.o
                0x08002cac                sl_simple_led_toggle
 .text.sl_simple_led_get_state
                0x08002ce8       0x4c ./gecko_sdk_4.4.5/platform/driver/leddrv/src/sl_simple_led.o
                0x08002ce8                sl_simple_led_get_state
 .text.StartTransfer
                0x08002d34      0x17c ./gecko_sdk_4.4.5/platform/emdrv/dmadrv/src/dmadrv.o
 .text.DMADRV_AllocateChannel
                0x08002eb0       0x60 ./gecko_sdk_4.4.5/platform/emdrv/dmadrv/src/dmadrv.o
                0x08002eb0                DMADRV_AllocateChannel
 .text.DMADRV_DeInit
                0x08002f10       0x44 ./gecko_sdk_4.4.5/platform/emdrv/dmadrv/src/dmadrv.o
                0x08002f10                DMADRV_DeInit
 .text.DMADRV_FreeChannel
                0x08002f54       0x4c ./gecko_sdk_4.4.5/platform/emdrv/dmadrv/src/dmadrv.o
                0x08002f54                DMADRV_FreeChannel
 .text.DMADRV_Init
                0x08002fa0       0x68 ./gecko_sdk_4.4.5/platform/emdrv/dmadrv/src/dmadrv.o
                0x08002fa0                DMADRV_Init
 .text.DMADRV_PauseTransfer
                0x08003008       0x40 ./gecko_sdk_4.4.5/platform/emdrv/dmadrv/src/dmadrv.o
                0x08003008                DMADRV_PauseTransfer
 .text.DMADRV_ResumeTransfer
                0x08003048       0x40 ./gecko_sdk_4.4.5/platform/emdrv/dmadrv/src/dmadrv.o
                0x08003048                DMADRV_ResumeTransfer
 .text.DMADRV_StopTransfer
                0x08003088       0x40 ./gecko_sdk_4.4.5/platform/emdrv/dmadrv/src/dmadrv.o
                0x08003088                DMADRV_StopTransfer
 .text.DMADRV_TransferCompletePending
                0x080030c8       0x50 ./gecko_sdk_4.4.5/platform/emdrv/dmadrv/src/dmadrv.o
                0x080030c8                DMADRV_TransferCompletePending
 .text.DMADRV_TransferDone
                0x08003118       0x44 ./gecko_sdk_4.4.5/platform/emdrv/dmadrv/src/dmadrv.o
                0x08003118                DMADRV_TransferDone
 .text.LDMA_IRQHandler
                0x0800315c       0x74 ./gecko_sdk_4.4.5/platform/emdrv/dmadrv/src/dmadrv.o
                0x0800315c                LDMA_IRQHandler
 .text.GPIOINT_IRQDispatcher
                0x080031d0       0x38 ./gecko_sdk_4.4.5/platform/emdrv/gpiointerrupt/src/gpiointerrupt.o
 .text.GPIOINT_Init
                0x08003208       0x30 ./gecko_sdk_4.4.5/platform/emdrv/gpiointerrupt/src/gpiointerrupt.o
                0x08003208                GPIOINT_Init
 .text.GPIOINT_CallbackRegisterExt
                0x08003238       0x64 ./gecko_sdk_4.4.5/platform/emdrv/gpiointerrupt/src/gpiointerrupt.o
                0x08003238                GPIOINT_CallbackRegisterExt
 .text.GPIO_EVEN_IRQHandler
                0x0800329c       0x24 ./gecko_sdk_4.4.5/platform/emdrv/gpiointerrupt/src/gpiointerrupt.o
                0x0800329c                GPIO_EVEN_IRQHandler
 .text.GPIO_ODD_IRQHandler
                0x080032c0       0x24 ./gecko_sdk_4.4.5/platform/emdrv/gpiointerrupt/src/gpiointerrupt.o
                0x080032c0                GPIO_ODD_IRQHandler
 .text.EMU_VScaleGet
                0x080032e4       0x18 ./gecko_sdk_4.4.5/platform/emlib/src/em_cmu.o
 .text.HFRCODPLLDevinfoGet
                0x080032fc      0x108 ./gecko_sdk_4.4.5/platform/emlib/src/em_cmu.o
 .text.traceClkGet
                0x08003404       0x54 ./gecko_sdk_4.4.5/platform/emlib/src/em_cmu.o
 .text.em01GrpaClkGet
                0x08003458       0x74 ./gecko_sdk_4.4.5/platform/emlib/src/em_cmu.o
 .text.em01GrpcClkGet
                0x080034cc       0x70 ./gecko_sdk_4.4.5/platform/emlib/src/em_cmu.o
 .text.iadcClkGet
                0x0800353c       0x60 ./gecko_sdk_4.4.5/platform/emlib/src/em_cmu.o
 .text.eusart0ClkGet
                0x0800359c       0x74 ./gecko_sdk_4.4.5/platform/emlib/src/em_cmu.o
 .text.em23GrpaClkGet
                0x08003610       0x48 ./gecko_sdk_4.4.5/platform/emlib/src/em_cmu.o
 .text.vdac0ClkGet
                0x08003658       0x70 ./gecko_sdk_4.4.5/platform/emlib/src/em_cmu.o
 .text.vdac1ClkGet
                0x080036c8       0x70 ./gecko_sdk_4.4.5/platform/emlib/src/em_cmu.o
 .text.pcnt0ClkGet
                0x08003738       0x4c ./gecko_sdk_4.4.5/platform/emlib/src/em_cmu.o
 .text.wdog0ClkGet
                0x08003784       0x64 ./gecko_sdk_4.4.5/platform/emlib/src/em_cmu.o
 .text.wdog1ClkGet
                0x080037e8       0x64 ./gecko_sdk_4.4.5/platform/emlib/src/em_cmu.o
 .text.sysrtcClkGet
                0x0800384c       0x48 ./gecko_sdk_4.4.5/platform/emlib/src/em_cmu.o
 .text.em4GrpaClkGet
                0x08003894       0x48 ./gecko_sdk_4.4.5/platform/emlib/src/em_cmu.o
 .text.CMU_ClockDivGet
                0x080038dc       0x78 ./gecko_sdk_4.4.5/platform/emlib/src/em_cmu.o
                0x080038dc                CMU_ClockDivGet
 .text.flashWaitStateControl
                0x08003954       0x58 ./gecko_sdk_4.4.5/platform/emlib/src/em_cmu.o
 .text.CMU_ClockEnable
                0x080039ac       0x50 ./gecko_sdk_4.4.5/platform/emlib/src/em_cmu.o
                0x080039ac                CMU_ClockEnable
 .text.CMU_ClockFreqGet
                0x080039fc      0x204 ./gecko_sdk_4.4.5/platform/emlib/src/em_cmu.o
                0x080039fc                CMU_ClockFreqGet
 .text.rhclkPrescOptimize
                0x08003c00       0x20 ./gecko_sdk_4.4.5/platform/emlib/src/em_cmu.o
 .text.CMU_ClockSelectGet
                0x08003c20      0x22c ./gecko_sdk_4.4.5/platform/emlib/src/em_cmu.o
                0x08003c20                CMU_ClockSelectGet
 .text.CMU_HFXOInit
                0x08003e4c      0x224 ./gecko_sdk_4.4.5/platform/emlib/src/em_cmu.o
                0x08003e4c                CMU_HFXOInit
 .text.CMU_HFXOCTuneDeltaGet
                0x08004070        0xc ./gecko_sdk_4.4.5/platform/emlib/src/em_cmu.o
                0x08004070                CMU_HFXOCTuneDeltaGet
 .text.CMU_LFXOInit
                0x0800407c       0xc4 ./gecko_sdk_4.4.5/platform/emlib/src/em_cmu.o
                0x0800407c                CMU_LFXOInit
 .text.CMU_LFXOPrecisionSet
                0x08004140        0xc ./gecko_sdk_4.4.5/platform/emlib/src/em_cmu.o
                0x08004140                CMU_LFXOPrecisionSet
 .text.CMU_HFXOPrecisionSet
                0x0800414c        0xc ./gecko_sdk_4.4.5/platform/emlib/src/em_cmu.o
                0x0800414c                CMU_HFXOPrecisionSet
 .text.CMU_ClockDivSet
                0x08004158      0x12c ./gecko_sdk_4.4.5/platform/emlib/src/em_cmu.o
                0x08004158                CMU_ClockDivSet
 .text.sli_em_cmu_SYSCLKInitPreClockSelect
                0x08004284       0x20 ./gecko_sdk_4.4.5/platform/emlib/src/em_cmu.o
                0x08004284                sli_em_cmu_SYSCLKInitPreClockSelect
 .text.pclkDivOptimize
                0x080042a4       0x24 ./gecko_sdk_4.4.5/platform/emlib/src/em_cmu.o
 .text.CMU_DPLLLock
                0x080042c8      0x288 ./gecko_sdk_4.4.5/platform/emlib/src/em_cmu.o
                0x080042c8                CMU_DPLLLock
 .text.CORE_NvicIRQDisabled
                0x08004550       0x34 ./gecko_sdk_4.4.5/platform/emlib/src/em_core.o
                0x08004550                CORE_NvicIRQDisabled
 .text.EMU_DCDCSync
                0x08004584       0x10 ./gecko_sdk_4.4.5/platform/emlib/src/em_emu.o
 .text.EMU_EM4Init
                0x08004594       0x14 ./gecko_sdk_4.4.5/platform/emlib/src/em_emu.o
                0x08004594                EMU_EM4Init
 .text.EMU_VScaleEM01
                0x080045a8       0xa8 ./gecko_sdk_4.4.5/platform/emlib/src/em_emu.o
                0x080045a8                EMU_VScaleEM01
 .text.EMU_VScaleEM01ByClock
                0x08004650       0x30 ./gecko_sdk_4.4.5/platform/emlib/src/em_emu.o
                0x08004650                EMU_VScaleEM01ByClock
 .text.EMU_DCDCModeSet
                0x08004680       0xac ./gecko_sdk_4.4.5/platform/emlib/src/em_emu.o
                0x08004680                EMU_DCDCModeSet
 .text.EMU_DCDCInit
                0x0800472c       0x70 ./gecko_sdk_4.4.5/platform/emlib/src/em_emu.o
                0x0800472c                EMU_DCDCInit
 .text.EMU_DCDCSetPFMXModePeakCurrent
                0x0800479c       0x6c ./gecko_sdk_4.4.5/platform/emlib/src/em_emu.o
                0x0800479c                EMU_DCDCSetPFMXModePeakCurrent
 .text.EUSART_Reset
                0x08004808       0x54 ./gecko_sdk_4.4.5/platform/emlib/src/em_eusart.o
                0x08004808                EUSART_Reset
 .text.EUSART_Enable
                0x0800485c       0x6c ./gecko_sdk_4.4.5/platform/emlib/src/em_eusart.o
                0x0800485c                EUSART_Enable
 .text.EUSART_BaudrateSet
                0x080048c8      0x1cc ./gecko_sdk_4.4.5/platform/emlib/src/em_eusart.o
                0x080048c8                EUSART_BaudrateSet
 .text.EUSART_AsyncInitCommon
                0x08004a94      0x23c ./gecko_sdk_4.4.5/platform/emlib/src/em_eusart.o
 .text.EUSART_UartInitHf
                0x08004cd0       0x5c ./gecko_sdk_4.4.5/platform/emlib/src/em_eusart.o
                0x08004cd0                EUSART_UartInitHf
 .text.EUSART_UartInitLf
                0x08004d2c       0xb8 ./gecko_sdk_4.4.5/platform/emlib/src/em_eusart.o
                0x08004d2c                EUSART_UartInitLf
 .text.EUSART_SpiInit
                0x08004de4      0x20c ./gecko_sdk_4.4.5/platform/emlib/src/em_eusart.o
                0x08004de4                EUSART_SpiInit
 .text.BUS_RegBitWrite
                0x08004ff0       0x2c ./gecko_sdk_4.4.5/platform/emlib/src/em_gpio.o
 .text.GPIO_PinOutSet
                0x0800501c       0x3c ./gecko_sdk_4.4.5/platform/emlib/src/em_gpio.o
 .text.GPIO_PinOutClear
                0x08005058       0x3c ./gecko_sdk_4.4.5/platform/emlib/src/em_gpio.o
 .text.GPIO_ExtIntConfig
                0x08005094       0xe0 ./gecko_sdk_4.4.5/platform/emlib/src/em_gpio.o
                0x08005094                GPIO_ExtIntConfig
 .text.GPIO_PinModeSet
                0x08005174       0x94 ./gecko_sdk_4.4.5/platform/emlib/src/em_gpio.o
                0x08005174                GPIO_PinModeSet
 .text.LDMA_DeInit
                0x08005208       0x3c ./gecko_sdk_4.4.5/platform/emlib/src/em_ldma.o
                0x08005208                LDMA_DeInit
 .text.LDMA_EnableChannelRequest
                0x08005244       0x40 ./gecko_sdk_4.4.5/platform/emlib/src/em_ldma.o
                0x08005244                LDMA_EnableChannelRequest
 .text.LDMA_Init
                0x08005284       0x94 ./gecko_sdk_4.4.5/platform/emlib/src/em_ldma.o
                0x08005284                LDMA_Init
 .text.LDMA_StartTransfer
                0x08005318       0xfc ./gecko_sdk_4.4.5/platform/emlib/src/em_ldma.o
                0x08005318                LDMA_StartTransfer
 .text.LDMA_StopTransfer
                0x08005414       0x38 ./gecko_sdk_4.4.5/platform/emlib/src/em_ldma.o
                0x08005414                LDMA_StopTransfer
 .text.LDMA_TransferDone
                0x0800544c       0x44 ./gecko_sdk_4.4.5/platform/emlib/src/em_ldma.o
                0x0800544c                LDMA_TransferDone
 .text.USART_BaudrateSyncSet
                0x08005490       0x48 ./gecko_sdk_4.4.5/platform/emlib/src/em_usart.o
                0x08005490                USART_BaudrateSyncSet
 .text.USART_Reset
                0x080054d8       0x58 ./gecko_sdk_4.4.5/platform/emlib/src/em_usart.o
                0x080054d8                USART_Reset
 .text.USART_InitSync
                0x08005530       0xb0 ./gecko_sdk_4.4.5/platform/emlib/src/em_usart.o
                0x08005530                USART_InitSync
 .text.sl_hal_sysrtc_wait_sync
                0x080055e0       0x14 ./gecko_sdk_4.4.5/platform/peripheral/src/peripheral_sysrtc.o
                0x080055e0                sl_hal_sysrtc_wait_sync
 .text.sl_hal_sysrtc_wait_ready
                0x080055f4       0x1c ./gecko_sdk_4.4.5/platform/peripheral/src/peripheral_sysrtc.o
                0x080055f4                sl_hal_sysrtc_wait_ready
 .text.sl_hal_sysrtc_stop
                0x08005610       0x14 ./gecko_sdk_4.4.5/platform/peripheral/src/peripheral_sysrtc.o
                0x08005610                sl_hal_sysrtc_stop
 .text.sl_hal_sysrtc_enable
                0x08005624       0x18 ./gecko_sdk_4.4.5/platform/peripheral/src/peripheral_sysrtc.o
                0x08005624                sl_hal_sysrtc_enable
 .text.sl_hal_sysrtc_disable
                0x0800563c       0x1c ./gecko_sdk_4.4.5/platform/peripheral/src/peripheral_sysrtc.o
                0x0800563c                sl_hal_sysrtc_disable
 .text.sl_hal_sysrtc_init
                0x08005658       0x20 ./gecko_sdk_4.4.5/platform/peripheral/src/peripheral_sysrtc.o
                0x08005658                sl_hal_sysrtc_init
 .text.sl_hal_sysrtc_init_group
                0x08005678       0x48 ./gecko_sdk_4.4.5/platform/peripheral/src/peripheral_sysrtc.o
                0x08005678                sl_hal_sysrtc_init_group
 .text.sl_hal_sysrtc_enable_group_interrupts
                0x080056c0       0x1c ./gecko_sdk_4.4.5/platform/peripheral/src/peripheral_sysrtc.o
                0x080056c0                sl_hal_sysrtc_enable_group_interrupts
 .text.sl_hal_sysrtc_disable_group_interrupts
                0x080056dc       0x1c ./gecko_sdk_4.4.5/platform/peripheral/src/peripheral_sysrtc.o
                0x080056dc                sl_hal_sysrtc_disable_group_interrupts
 .text.sl_hal_sysrtc_clear_group_interrupts
                0x080056f8       0x1c ./gecko_sdk_4.4.5/platform/peripheral/src/peripheral_sysrtc.o
                0x080056f8                sl_hal_sysrtc_clear_group_interrupts
 .text.sl_hal_sysrtc_get_group_interrupts
                0x08005714       0x20 ./gecko_sdk_4.4.5/platform/peripheral/src/peripheral_sysrtc.o
                0x08005714                sl_hal_sysrtc_get_group_interrupts
 .text.sl_hal_sysrtc_get_group_compare_channel_value
                0x08005734       0x30 ./gecko_sdk_4.4.5/platform/peripheral/src/peripheral_sysrtc.o
                0x08005734                sl_hal_sysrtc_get_group_compare_channel_value
 .text.sl_hal_sysrtc_set_group_compare_channel_value
                0x08005764       0x28 ./gecko_sdk_4.4.5/platform/peripheral/src/peripheral_sysrtc.o
                0x08005764                sl_hal_sysrtc_set_group_compare_channel_value
 .text.sl_device_init_dcdc
                0x0800578c       0x2c ./gecko_sdk_4.4.5/platform/service/device_init/src/sl_device_init_dcdc_s2.o
                0x0800578c                sl_device_init_dcdc
 .text.sl_device_init_dpll
                0x080057b8       0x7c ./gecko_sdk_4.4.5/platform/service/device_init/src/sl_device_init_dpll_s2.o
                0x080057b8                sl_device_init_dpll
 .text.sl_device_init_emu
                0x08005834       0x24 ./gecko_sdk_4.4.5/platform/service/device_init/src/sl_device_init_emu_s2.o
                0x08005834                sl_device_init_emu
 .text.sl_device_init_hfxo
                0x08005858       0x70 ./gecko_sdk_4.4.5/platform/service/device_init/src/sl_device_init_hfxo_s2.o
                0x08005858                sl_device_init_hfxo
 .text.sl_device_init_lfxo
                0x080058c8       0x2c ./gecko_sdk_4.4.5/platform/service/device_init/src/sl_device_init_lfxo_s2.o
                0x080058c8                sl_device_init_lfxo
 .text.sl_device_init_nvic
                0x080058f4       0x3c ./gecko_sdk_4.4.5/platform/service/device_init/src/sl_device_init_nvic.o
                0x080058f4                sl_device_init_nvic
 .text.sl_iostream_set_default
                0x08005930       0x18 ./gecko_sdk_4.4.5/platform/service/iostream/src/sl_iostream.o
                0x08005930                sl_iostream_set_default
 .text.sl_iostream_get_default
                0x08005948       0x18 ./gecko_sdk_4.4.5/platform/service/iostream/src/sl_iostream.o
                0x08005948                sl_iostream_get_default
 .text.sl_iostream_eusart_init
                0x08005960      0x228 ./gecko_sdk_4.4.5/platform/service/iostream/src/sl_iostream_eusart.o
                0x08005960                sl_iostream_eusart_init
 .text._write   0x08005b88       0x20 ./gecko_sdk_4.4.5/platform/service/iostream/src/sl_iostream_retarget_stdio.o
                0x08005b88                _write
 .text.sl_iostream_stdlib_disable_buffering
                0x08005ba8       0x14 ./gecko_sdk_4.4.5/platform/service/iostream/src/sl_iostream_stdlib_config.o
                0x08005ba8                sl_iostream_stdlib_disable_buffering
 .text.get_write_ptr
                0x08005bbc       0x40 ./gecko_sdk_4.4.5/platform/service/iostream/src/sl_iostream_uart.o
 .text.dma_irq_handler
                0x08005bfc       0x74 ./gecko_sdk_4.4.5/platform/service/iostream/src/sl_iostream_uart.o
 .text.uart_read
                0x08005c70      0x1f4 ./gecko_sdk_4.4.5/platform/service/iostream/src/sl_iostream_uart.o
 .text.uart_deinit
                0x08005e64       0x98 ./gecko_sdk_4.4.5/platform/service/iostream/src/sl_iostream_uart.o
 .text.uart_write
                0x08005efc       0xc0 ./gecko_sdk_4.4.5/platform/service/iostream/src/sl_iostream_uart.o
 .text.sli_iostream_uart_context_init
                0x08005fbc       0xf8 ./gecko_sdk_4.4.5/platform/service/iostream/src/sl_iostream_uart.o
                0x08005fbc                sli_iostream_uart_context_init
 .text.delta_list_insert_timer
                0x080060b4       0x40 ./gecko_sdk_4.4.5/platform/service/sleeptimer/src/sl_sleeptimer.o
 .text.update_delta_list
                0x080060f4       0x34 ./gecko_sdk_4.4.5/platform/service/sleeptimer/src/sl_sleeptimer.o
 .text.set_comparator_for_next_timer
                0x08006128       0x5c ./gecko_sdk_4.4.5/platform/service/sleeptimer/src/sl_sleeptimer.o
 .text.create_timer
                0x08006184       0x88 ./gecko_sdk_4.4.5/platform/service/sleeptimer/src/sl_sleeptimer.o
 .text.delta_list_remove_timer
                0x0800620c       0x38 ./gecko_sdk_4.4.5/platform/service/sleeptimer/src/sl_sleeptimer.o
 .text.sl_sleeptimer_init
                0x08006244       0x74 ./gecko_sdk_4.4.5/platform/service/sleeptimer/src/sl_sleeptimer.o
                0x08006244                sl_sleeptimer_init
 .text.sl_sleeptimer_is_timer_running
                0x080062b8       0x3c ./gecko_sdk_4.4.5/platform/service/sleeptimer/src/sl_sleeptimer.o
                0x080062b8                sl_sleeptimer_is_timer_running
 .text.sl_sleeptimer_ms_to_tick
                0x080062f4       0x24 ./gecko_sdk_4.4.5/platform/service/sleeptimer/src/sl_sleeptimer.o
                0x080062f4                sl_sleeptimer_ms_to_tick
 .text.sl_sleeptimer_delay_millisecond
                0x08006318       0x38 ./gecko_sdk_4.4.5/platform/service/sleeptimer/src/sl_sleeptimer.o
                0x08006318                sl_sleeptimer_delay_millisecond
 .text.process_timer_irq
                0x08006350      0x154 ./gecko_sdk_4.4.5/platform/service/sleeptimer/src/sl_sleeptimer.o
                0x08006350                process_timer_irq
 .text.sleeptimer_hal_init_timer
                0x080064a4       0x64 ./gecko_sdk_4.4.5/platform/service/sleeptimer/src/sl_sleeptimer_hal_sysrtc.o
                0x080064a4                sleeptimer_hal_init_timer
 .text.sleeptimer_hal_get_counter
                0x08006508       0x10 ./gecko_sdk_4.4.5/platform/service/sleeptimer/src/sl_sleeptimer_hal_sysrtc.o
                0x08006508                sleeptimer_hal_get_counter
 .text.sleeptimer_hal_set_compare
                0x08006518       0x70 ./gecko_sdk_4.4.5/platform/service/sleeptimer/src/sl_sleeptimer_hal_sysrtc.o
                0x08006518                sleeptimer_hal_set_compare
 .text.sleeptimer_hal_disable_int
                0x08006588       0x2c ./gecko_sdk_4.4.5/platform/service/sleeptimer/src/sl_sleeptimer_hal_sysrtc.o
                0x08006588                sleeptimer_hal_disable_int
 .text.sleeptimer_hal_set_int
                0x080065b4       0x10 ./gecko_sdk_4.4.5/platform/service/sleeptimer/src/sl_sleeptimer_hal_sysrtc.o
                0x080065b4                sleeptimer_hal_set_int
 .text.sl_udelay_wait
                0x080065c4       0x58 ./gecko_sdk_4.4.5/platform/service/udelay/src/sl_udelay.o
                0x080065c4                sl_udelay_wait
 .text.sl_htm_sdr_get_bit
                0x0800661c       0x30 ./machine_learning_applications_1.0.0/component/htm/src/sl_htm_sdr.o
                0x0800661c                sl_htm_sdr_get_bit
 .text.sl_htm_sdr_set_bit
                0x0800664c       0x38 ./machine_learning_applications_1.0.0/component/htm/src/sl_htm_sdr.o
                0x0800664c                sl_htm_sdr_set_bit
 .text.sl_htm_sdr_init
                0x08006684       0x30 ./machine_learning_applications_1.0.0/component/htm/src/sl_htm_sdr.o
                0x08006684                sl_htm_sdr_init
 .text.sl_htm_sp_init_column
                0x080066b4      0x18c ./machine_learning_applications_1.0.0/component/htm/src/sl_htm_sp.o
                0x080066b4                sl_htm_sp_init_column
 .text.sl_htm_sp_init
                0x08006840       0xac ./machine_learning_applications_1.0.0/component/htm/src/sl_htm_sp.o
                0x08006840                sl_htm_sp_init
 .text.sl_htm_sp_init_default_params
                0x080068ec       0x20 ./machine_learning_applications_1.0.0/component/htm/src/sl_htm_sp.o
                0x080068ec                sl_htm_sp_init_default_params
 .text.sl_htm_sp_execute
                0x0800690c       0x6c ./machine_learning_applications_1.0.0/component/htm/src/sl_htm_sp.o
                0x0800690c                sl_htm_sp_execute
 .text.sl_htm_sp_print
                0x08006978       0xec ./machine_learning_applications_1.0.0/component/htm/src/sl_htm_sp.o
                0x08006978                sl_htm_sp_print
 .text.sl_htm_tm_init
                0x08006a64       0x64 ./machine_learning_applications_1.0.0/component/htm/src/sl_htm_tm.o
                0x08006a64                sl_htm_tm_init
 .text.sl_htm_tm_execute
                0x08006ac8       0x48 ./machine_learning_applications_1.0.0/component/htm/src/sl_htm_tm.o
                0x08006ac8                sl_htm_tm_execute
 .text.sl_htm_tm_memory_size
                0x08006b10       0x3c ./machine_learning_applications_1.0.0/component/htm/src/sl_htm_tm.o
                0x08006b10                sl_htm_tm_memory_size
 .text.sl_htm_tm_cell_init
                0x08006b4c       0x58 ./machine_learning_applications_1.0.0/component/htm/src/sl_htm_tm_cell.o
                0x08006b4c                sl_htm_tm_cell_init
 .text.sl_htm_tm_cell_delete_least_useful_segment
                0x08006ba4       0xa0 ./machine_learning_applications_1.0.0/component/htm/src/sl_htm_tm_cell.o
                0x08006ba4                sl_htm_tm_cell_delete_least_useful_segment
 .text.sl_htm_tm_column_init
                0x08006c44       0x48 ./machine_learning_applications_1.0.0/component/htm/src/sl_htm_tm_column.o
                0x08006c44                sl_htm_tm_column_init
 .text.sl_htm_tm_column_burst
                0x08006c8c      0x108 ./machine_learning_applications_1.0.0/component/htm/src/sl_htm_tm_column.o
                0x08006c8c                sl_htm_tm_column_burst
 .text.sl_htm_segment_init
                0x08006d94       0x2c ./machine_learning_applications_1.0.0/component/htm/src/sl_htm_tm_segment.o
                0x08006d94                sl_htm_segment_init
 .text.sl_htm_tm_add_cell_to_array
                0x08006dc0       0x3c ./machine_learning_applications_1.0.0/component/htm/src/sl_htm_tm_types.o
                0x08006dc0                sl_htm_tm_add_cell_to_array
 .text.sl_htm_tm_add_segment_to_array
                0x08006dfc       0x3c ./machine_learning_applications_1.0.0/component/htm/src/sl_htm_tm_types.o
                0x08006dfc                sl_htm_tm_add_segment_to_array
 .text.create_string_buffer
                0x08006e38       0x68 ./machine_learning_applications_1.0.0/component/libfort/fort.o
 .text.create_cell
                0x08006ea0       0x3c ./machine_learning_applications_1.0.0/component/libfort/fort.o
 .text.destroy_string_buffer
                0x08006edc       0x24 ./machine_learning_applications_1.0.0/component/libfort/fort.o
 .text.create_vector
                0x08006f00       0x44 ./machine_learning_applications_1.0.0/component/libfort/fort.o
 .text.create_row_impl
                0x08006f44       0x3c ./machine_learning_applications_1.0.0/component/libfort/fort.o
 .text.vector_reallocate_
                0x08006f80       0x50 ./machine_learning_applications_1.0.0/component/libfort/fort.o
 .text.vector_push
                0x08006fd0       0x6c ./machine_learning_applications_1.0.0/component/libfort/fort.o
 .text.realloc_string_buffer_without_copy
                0x0800703c       0x50 ./machine_learning_applications_1.0.0/component/libfort/fort.o
 .text.fort_strdup
                0x0800708c       0x28 ./machine_learning_applications_1.0.0/component/libfort/fort.o
 .text.fill_buffer_from_string
                0x080070b4       0x54 ./machine_learning_applications_1.0.0/component/libfort/fort.o
 .text.fort_wcsdup
                0x08007108       0x2c ./machine_learning_applications_1.0.0/component/libfort/fort.o
 .text.fill_buffer_from_wstring
                0x08007134       0x58 ./machine_learning_applications_1.0.0/component/libfort/fort.o
 .text.vector_insert
                0x0800718c       0x8c ./machine_learning_applications_1.0.0/component/libfort/fort.o
 .text.vector_erase
                0x08007218       0x50 ./machine_learning_applications_1.0.0/component/libfort/fort.o
 .text.columns_number_in_fmt_string
                0x08007268       0x20 ./machine_learning_applications_1.0.0/component/libfort/fort.o
 .text.columns_number_in_fmt_wstring
                0x08007288       0x1c ./machine_learning_applications_1.0.0/component/libfort/fort.o
 .text.wsnprint_n_string
                0x080072a4       0xc0 ./machine_learning_applications_1.0.0/component/libfort/fort.o
 .text.destroy_cell
                0x08007364       0x20 ./machine_learning_applications_1.0.0/component/libfort/fort.o
 .text.destroy_vector
                0x08007384       0x38 ./machine_learning_applications_1.0.0/component/libfort/fort.o
 .text.vector_size
                0x080073bc       0x24 ./machine_learning_applications_1.0.0/component/libfort/fort.o
 .text.destroy_row
                0x080073e0       0x28 ./machine_learning_applications_1.0.0/component/libfort/fort.o
 .text.get_cell_property_hierarchically
                0x08007408      0x100 ./machine_learning_applications_1.0.0/component/libfort/fort.o
 .text.string_buffer_width_capacity
                0x08007508       0x40 ./machine_learning_applications_1.0.0/component/libfort/fort.o
 .text.get_cell_type
                0x08007548       0x24 ./machine_learning_applications_1.0.0/component/libfort/fort.o
 .text.fill_cell_from_string
                0x0800756c       0x38 ./machine_learning_applications_1.0.0/component/libfort/fort.o
 .text.fill_cell_from_wstring
                0x080075a4       0x38 ./machine_learning_applications_1.0.0/component/libfort/fort.o
 .text.get_reset_style_tag_for_cell.constprop.0
                0x080075dc       0x74 ./machine_learning_applications_1.0.0/component/libfort/fort.o
 .text.get_style_tag_for_content.constprop.0
                0x08007650       0xb0 ./machine_learning_applications_1.0.0/component/libfort/fort.o
 .text.get_style_tag_for_cell.constprop.0
                0x08007700       0x84 ./machine_learning_applications_1.0.0/component/libfort/fort.o
 .text.get_reset_style_tag_for_content.constprop.0
                0x08007784       0xa4 ./machine_learning_applications_1.0.0/component/libfort/fort.o
 .text.cell_invis_codes_width
                0x08007828       0x80 ./machine_learning_applications_1.0.0/component/libfort/fort.o
 .text.mk_wcswidth
                0x080078a8       0xf8 ./machine_learning_applications_1.0.0/component/libfort/fort.o
 .text.destroy_table_properties
                0x080079a0       0x24 ./machine_learning_applications_1.0.0/component/libfort/fort.o
 .text.create_table_properties
                0x080079c4       0x60 ./machine_learning_applications_1.0.0/component/libfort/fort.o
 .text.group_cell_number
                0x08007a24       0x5c ./machine_learning_applications_1.0.0/component/libfort/fort.o
 .text.get_row_cell_types.isra.0
                0x08007a80       0x54 ./machine_learning_applications_1.0.0/component/libfort/fort.o
 .text.create_row_from_string
                0x08007ad4       0xcc ./machine_learning_applications_1.0.0/component/libfort/fort.o
 .text.fill_buffer_from_u8string
                0x08007ba0       0x58 ./machine_learning_applications_1.0.0/component/libfort/fort.o
 .text.print_n_strings
                0x08007bf8      0x130 ./machine_learning_applications_1.0.0/component/libfort/fort.o
 .text.print_row_separator_impl
                0x08007d28      0x2c8 ./machine_learning_applications_1.0.0/component/libfort/fort.o
 .text.utf8_width
                0x08007ff0       0x70 ./machine_learning_applications_1.0.0/component/libfort/fort.o
 .text.utf8chr  0x08008060       0x9c ./machine_learning_applications_1.0.0/component/libfort/fort.o
                0x08008060                utf8chr
 .text.columns_number_in_fmt_u8string
                0x080080fc       0x20 ./machine_learning_applications_1.0.0/component/libfort/fort.o
 .text.create_row_from_fmt_string
                0x0800811c      0x260 ./machine_learning_applications_1.0.0/component/libfort/fort.o
 .text.ft_row_printf_impl_
                0x0800837c      0x270 ./machine_learning_applications_1.0.0/component/libfort/fort.o
 .text.buffer_text_visible_height
                0x080085ec       0xd0 ./machine_learning_applications_1.0.0/component/libfort/fort.o
 .text.hint_height_cell
                0x080086bc       0x80 ./machine_learning_applications_1.0.0/component/libfort/fort.o
 .text.cell_vis_width
                0x0800873c       0x7c ./machine_learning_applications_1.0.0/component/libfort/fort.o
 .text.table_rows_and_cols_geometry.constprop.0
                0x080087b8      0x26c ./machine_learning_applications_1.0.0/component/libfort/fort.o
 .text.ft_to_string_impl
                0x08008a24      0x8ac ./machine_learning_applications_1.0.0/component/libfort/fort.o
 .text.ft_create_table
                0x080092d0       0x60 ./machine_learning_applications_1.0.0/component/libfort/fort.o
                0x080092d0                ft_create_table
 .text.ft_destroy_table
                0x08009330       0x74 ./machine_learning_applications_1.0.0/component/libfort/fort.o
                0x08009330                ft_destroy_table
 .text.ft_ln    0x080093a4       0xfc ./machine_learning_applications_1.0.0/component/libfort/fort.o
                0x080093a4                ft_ln
 .text.ft_printf
                0x080094a0       0x44 ./machine_learning_applications_1.0.0/component/libfort/fort.o
                0x080094a0                ft_printf
 .text          0x080094e4      0x378 c:/siliconlabs/simplicitystudio/v5/developer/toolchains/gnu_arm/12.2.rel1_2023.7/bin/../lib/gcc/arm-none-eabi/12.2.1/thumb/v8-m.main+fp/hard\libgcc.a(_arm_addsubdf3.o)
                0x080094e4                __aeabi_drsub
                0x080094ec                __aeabi_dsub
                0x080094ec                __subdf3
                0x080094f0                __aeabi_dadd
                0x080094f0                __adddf3
                0x08009768                __floatunsidf
                0x08009768                __aeabi_ui2d
                0x08009788                __floatsidf
                0x08009788                __aeabi_i2d
                0x080097ac                __aeabi_f2d
                0x080097ac                __extendsfdf2
                0x080097f0                __floatundidf
                0x080097f0                __aeabi_ul2d
                0x08009800                __floatdidf
                0x08009800                __aeabi_l2d
 .text          0x0800985c       0xa0 c:/siliconlabs/simplicitystudio/v5/developer/toolchains/gnu_arm/12.2.rel1_2023.7/bin/../lib/gcc/arm-none-eabi/12.2.1/thumb/v8-m.main+fp/hard\libgcc.a(_arm_truncdfsf2.o)
                0x0800985c                __truncdfsf2
                0x0800985c                __aeabi_d2f
 .text          0x080098fc       0x30 c:/siliconlabs/simplicitystudio/v5/developer/toolchains/gnu_arm/12.2.rel1_2023.7/bin/../lib/gcc/arm-none-eabi/12.2.1/thumb/v8-m.main+fp/hard\libgcc.a(_aeabi_uldivmod.o)
                0x080098fc                __aeabi_uldivmod
 .text.__udivmoddi4
                0x0800992c      0x2ec c:/siliconlabs/simplicitystudio/v5/developer/toolchains/gnu_arm/12.2.rel1_2023.7/bin/../lib/gcc/arm-none-eabi/12.2.1/thumb/v8-m.main+fp/hard\libgcc.a(_udivmoddi4.o)
                0x0800992c                __udivmoddi4
 .text          0x08009c18        0x4 c:/siliconlabs/simplicitystudio/v5/developer/toolchains/gnu_arm/12.2.rel1_2023.7/bin/../lib/gcc/arm-none-eabi/12.2.1/thumb/v8-m.main+fp/hard\libgcc.a(_dvmd_tls.o)
                0x08009c18                __aeabi_idiv0
                0x08009c18                __aeabi_ldiv0
 .text.__assert_func
                0x08009c1c       0x3c c:/siliconlabs/simplicitystudio/v5/developer/toolchains/gnu_arm/12.2.rel1_2023.7/bin/../lib/gcc/arm-none-eabi/12.2.1/thumb/v8-m.main+fp/hard\libc_nano.a(libc_a-assert.o)
                0x08009c1c                __assert_func
 .text.calloc   0x08009c58       0x10 c:/siliconlabs/simplicitystudio/v5/developer/toolchains/gnu_arm/12.2.rel1_2023.7/bin/../lib/gcc/arm-none-eabi/12.2.1/thumb/v8-m.main+fp/hard\libc_nano.a(libc_a-calloc.o)
                0x08009c58                calloc
 .text.exit     0x08009c68       0x24 c:/siliconlabs/simplicitystudio/v5/developer/toolchains/gnu_arm/12.2.rel1_2023.7/bin/../lib/gcc/arm-none-eabi/12.2.1/thumb/v8-m.main+fp/hard\libc_nano.a(libc_a-exit.o)
                0x08009c68                exit
 .text.malloc   0x08009c8c       0x10 c:/siliconlabs/simplicitystudio/v5/developer/toolchains/gnu_arm/12.2.rel1_2023.7/bin/../lib/gcc/arm-none-eabi/12.2.1/thumb/v8-m.main+fp/hard\libc_nano.a(libc_a-malloc.o)
                0x08009c8c                malloc
 .text.free     0x08009c9c       0x10 c:/siliconlabs/simplicitystudio/v5/developer/toolchains/gnu_arm/12.2.rel1_2023.7/bin/../lib/gcc/arm-none-eabi/12.2.1/thumb/v8-m.main+fp/hard\libc_nano.a(libc_a-malloc.o)
                0x08009c9c                free
 .text.sbrk_aligned
                0x08009cac       0x44 c:/siliconlabs/simplicitystudio/v5/developer/toolchains/gnu_arm/12.2.rel1_2023.7/bin/../lib/gcc/arm-none-eabi/12.2.1/thumb/v8-m.main+fp/hard\libc_nano.a(libc_a-mallocr.o)
 .text._malloc_r
                0x08009cf0       0xf0 c:/siliconlabs/simplicitystudio/v5/developer/toolchains/gnu_arm/12.2.rel1_2023.7/bin/../lib/gcc/arm-none-eabi/12.2.1/thumb/v8-m.main+fp/hard\libc_nano.a(libc_a-mallocr.o)
                0x08009cf0                _malloc_r
 .text.__malloc_lock
                0x08009de0        0xc c:/siliconlabs/simplicitystudio/v5/developer/toolchains/gnu_arm/12.2.rel1_2023.7/bin/../lib/gcc/arm-none-eabi/12.2.1/thumb/v8-m.main+fp/hard\libc_nano.a(libc_a-mlock.o)
                0x08009de0                __malloc_lock
 .text.__malloc_unlock
                0x08009dec        0xc c:/siliconlabs/simplicitystudio/v5/developer/toolchains/gnu_arm/12.2.rel1_2023.7/bin/../lib/gcc/arm-none-eabi/12.2.1/thumb/v8-m.main+fp/hard\libc_nano.a(libc_a-mlock.o)
                0x08009dec                __malloc_unlock
 .text.rand     0x08009df8       0x7c c:/siliconlabs/simplicitystudio/v5/developer/toolchains/gnu_arm/12.2.rel1_2023.7/bin/../lib/gcc/arm-none-eabi/12.2.1/thumb/v8-m.main+fp/hard\libc_nano.a(libc_a-rand.o)
                0x08009df8                rand
 .text.realloc  0x08009e74       0x10 c:/siliconlabs/simplicitystudio/v5/developer/toolchains/gnu_arm/12.2.rel1_2023.7/bin/../lib/gcc/arm-none-eabi/12.2.1/thumb/v8-m.main+fp/hard\libc_nano.a(libc_a-realloc.o)
                0x08009e74                realloc
 .text.mbsrtowcs
                0x08009e84       0x20 c:/siliconlabs/simplicitystudio/v5/developer/toolchains/gnu_arm/12.2.rel1_2023.7/bin/../lib/gcc/arm-none-eabi/12.2.1/thumb/v8-m.main+fp/hard\libc_nano.a(libc_a-mbsrtowcs.o)
                0x08009e84                mbsrtowcs
 .text._printf_float
                0x08009ea4      0x468 c:/siliconlabs/simplicitystudio/v5/developer/toolchains/gnu_arm/12.2.rel1_2023.7/bin/../lib/gcc/arm-none-eabi/12.2.1/thumb/v8-m.main+fp/hard\libc_nano.a(libc_a-nano-vfprintf_float.o)
                0x08009ea4                _printf_float
 .text._printf_i
                0x0800a30c      0x258 c:/siliconlabs/simplicitystudio/v5/developer/toolchains/gnu_arm/12.2.rel1_2023.7/bin/../lib/gcc/arm-none-eabi/12.2.1/thumb/v8-m.main+fp/hard\libc_nano.a(libc_a-nano-vfprintf_i.o)
                0x0800a30c                _printf_i
 .text.fflush   0x0800a564       0x28 c:/siliconlabs/simplicitystudio/v5/developer/toolchains/gnu_arm/12.2.rel1_2023.7/bin/../lib/gcc/arm-none-eabi/12.2.1/thumb/v8-m.main+fp/hard\libc_nano.a(libc_a-fflush.o)
                0x0800a564                fflush
 .text.std      0x0800a58c       0x6c c:/siliconlabs/simplicitystudio/v5/developer/toolchains/gnu_arm/12.2.rel1_2023.7/bin/../lib/gcc/arm-none-eabi/12.2.1/thumb/v8-m.main+fp/hard\libc_nano.a(libc_a-findfp.o)
 .text.stdio_exit_handler
                0x0800a5f8       0x18 c:/siliconlabs/simplicitystudio/v5/developer/toolchains/gnu_arm/12.2.rel1_2023.7/bin/../lib/gcc/arm-none-eabi/12.2.1/thumb/v8-m.main+fp/hard\libc_nano.a(libc_a-findfp.o)
 .text.cleanup_stdio
                0x0800a610       0x40 c:/siliconlabs/simplicitystudio/v5/developer/toolchains/gnu_arm/12.2.rel1_2023.7/bin/../lib/gcc/arm-none-eabi/12.2.1/thumb/v8-m.main+fp/hard\libc_nano.a(libc_a-findfp.o)
 .text.global_stdio_init.part.0
                0x0800a650       0x3c c:/siliconlabs/simplicitystudio/v5/developer/toolchains/gnu_arm/12.2.rel1_2023.7/bin/../lib/gcc/arm-none-eabi/12.2.1/thumb/v8-m.main+fp/hard\libc_nano.a(libc_a-findfp.o)
 .text.__sfp_lock_acquire
                0x0800a68c        0xc c:/siliconlabs/simplicitystudio/v5/developer/toolchains/gnu_arm/12.2.rel1_2023.7/bin/../lib/gcc/arm-none-eabi/12.2.1/thumb/v8-m.main+fp/hard\libc_nano.a(libc_a-findfp.o)
                0x0800a68c                __sfp_lock_acquire
 .text.__sfp_lock_release
                0x0800a698        0xc c:/siliconlabs/simplicitystudio/v5/developer/toolchains/gnu_arm/12.2.rel1_2023.7/bin/../lib/gcc/arm-none-eabi/12.2.1/thumb/v8-m.main+fp/hard\libc_nano.a(libc_a-findfp.o)
                0x0800a698                __sfp_lock_release
 .text.__sinit  0x0800a6a4       0x30 c:/siliconlabs/simplicitystudio/v5/developer/toolchains/gnu_arm/12.2.rel1_2023.7/bin/../lib/gcc/arm-none-eabi/12.2.1/thumb/v8-m.main+fp/hard\libc_nano.a(libc_a-findfp.o)
                0x0800a6a4                __sinit
 .text.fprintf  0x0800a6d4       0x24 c:/siliconlabs/simplicitystudio/v5/developer/toolchains/gnu_arm/12.2.rel1_2023.7/bin/../lib/gcc/arm-none-eabi/12.2.1/thumb/v8-m.main+fp/hard\libc_nano.a(libc_a-fprintf.o)
                0x0800a6d4                fiprintf
                0x0800a6d4                fprintf
 .text.printf   0x0800a6f8       0x24 c:/siliconlabs/simplicitystudio/v5/developer/toolchains/gnu_arm/12.2.rel1_2023.7/bin/../lib/gcc/arm-none-eabi/12.2.1/thumb/v8-m.main+fp/hard\libc_nano.a(libc_a-printf.o)
                0x0800a6f8                iprintf
                0x0800a6f8                printf
 .text.puts     0x0800a71c       0x10 c:/siliconlabs/simplicitystudio/v5/developer/toolchains/gnu_arm/12.2.rel1_2023.7/bin/../lib/gcc/arm-none-eabi/12.2.1/thumb/v8-m.main+fp/hard\libc_nano.a(libc_a-puts.o)
                0x0800a71c                puts
 .text.setvbuf  0x0800a72c      0x168 c:/siliconlabs/simplicitystudio/v5/developer/toolchains/gnu_arm/12.2.rel1_2023.7/bin/../lib/gcc/arm-none-eabi/12.2.1/thumb/v8-m.main+fp/hard\libc_nano.a(libc_a-setvbuf.o)
                0x0800a72c                setvbuf
 .text.snprintf
                0x0800a894       0x68 c:/siliconlabs/simplicitystudio/v5/developer/toolchains/gnu_arm/12.2.rel1_2023.7/bin/../lib/gcc/arm-none-eabi/12.2.1/thumb/v8-m.main+fp/hard\libc_nano.a(libc_a-snprintf.o)
                0x0800a894                sniprintf
                0x0800a894                snprintf
 .text.vsnprintf
                0x0800a8fc       0x1c c:/siliconlabs/simplicitystudio/v5/developer/toolchains/gnu_arm/12.2.rel1_2023.7/bin/../lib/gcc/arm-none-eabi/12.2.1/thumb/v8-m.main+fp/hard\libc_nano.a(libc_a-vsnprintf.o)
                0x0800a8fc                vsniprintf
                0x0800a8fc                vsnprintf
 .text.__swsetup_r
                0x0800a918       0xac c:/siliconlabs/simplicitystudio/v5/developer/toolchains/gnu_arm/12.2.rel1_2023.7/bin/../lib/gcc/arm-none-eabi/12.2.1/thumb/v8-m.main+fp/hard\libc_nano.a(libc_a-wsetup.o)
                0x0800a918                __swsetup_r
 .text.swprintf
                0x0800a9c4       0x68 c:/siliconlabs/simplicitystudio/v5/developer/toolchains/gnu_arm/12.2.rel1_2023.7/bin/../lib/gcc/arm-none-eabi/12.2.1/thumb/v8-m.main+fp/hard\libc_nano.a(libc_a-swprintf.o)
                0x0800a9c4                swprintf
 .text.vswprintf
                0x0800aa2c       0x1c c:/siliconlabs/simplicitystudio/v5/developer/toolchains/gnu_arm/12.2.rel1_2023.7/bin/../lib/gcc/arm-none-eabi/12.2.1/thumb/v8-m.main+fp/hard\libc_nano.a(libc_a-vswprintf.o)
                0x0800aa2c                vswprintf
 .text._localeconv_r
                0x0800aa48        0x8 c:/siliconlabs/simplicitystudio/v5/developer/toolchains/gnu_arm/12.2.rel1_2023.7/bin/../lib/gcc/arm-none-eabi/12.2.1/thumb/v8-m.main+fp/hard\libc_nano.a(libc_a-localeconv.o)
                0x0800aa48                _localeconv_r
 .text._close_r
                0x0800aa50       0x20 c:/siliconlabs/simplicitystudio/v5/developer/toolchains/gnu_arm/12.2.rel1_2023.7/bin/../lib/gcc/arm-none-eabi/12.2.1/thumb/v8-m.main+fp/hard\libc_nano.a(libc_a-closer.o)
                0x0800aa50                _close_r
 .text._lseek_r
                0x0800aa70       0x24 c:/siliconlabs/simplicitystudio/v5/developer/toolchains/gnu_arm/12.2.rel1_2023.7/bin/../lib/gcc/arm-none-eabi/12.2.1/thumb/v8-m.main+fp/hard\libc_nano.a(libc_a-lseekr.o)
                0x0800aa70                _lseek_r
 .text._read_r  0x0800aa94       0x24 c:/siliconlabs/simplicitystudio/v5/developer/toolchains/gnu_arm/12.2.rel1_2023.7/bin/../lib/gcc/arm-none-eabi/12.2.1/thumb/v8-m.main+fp/hard\libc_nano.a(libc_a-readr.o)
                0x0800aa94                _read_r
 .text._sbrk_r  0x0800aab8       0x20 c:/siliconlabs/simplicitystudio/v5/developer/toolchains/gnu_arm/12.2.rel1_2023.7/bin/../lib/gcc/arm-none-eabi/12.2.1/thumb/v8-m.main+fp/hard\libc_nano.a(libc_a-sbrkr.o)
                0x0800aab8                _sbrk_r
 .text._write_r
                0x0800aad8       0x24 c:/siliconlabs/simplicitystudio/v5/developer/toolchains/gnu_arm/12.2.rel1_2023.7/bin/../lib/gcc/arm-none-eabi/12.2.1/thumb/v8-m.main+fp/hard\libc_nano.a(libc_a-writer.o)
                0x0800aad8                _write_r
 .text.__libc_init_array
                0x0800aafc       0x48 c:/siliconlabs/simplicitystudio/v5/developer/toolchains/gnu_arm/12.2.rel1_2023.7/bin/../lib/gcc/arm-none-eabi/12.2.1/thumb/v8-m.main+fp/hard\libc_nano.a(libc_a-init.o)
                0x0800aafc                __libc_init_array
 .text._free_r  0x0800ab44       0x94 c:/siliconlabs/simplicitystudio/v5/developer/toolchains/gnu_arm/12.2.rel1_2023.7/bin/../lib/gcc/arm-none-eabi/12.2.1/thumb/v8-m.main+fp/hard\libc_nano.a(libc_a-freer.o)
                0x0800ab44                _free_r
 .text._Balloc  0x0800abd8       0x80 c:/siliconlabs/simplicitystudio/v5/developer/toolchains/gnu_arm/12.2.rel1_2023.7/bin/../lib/gcc/arm-none-eabi/12.2.1/thumb/v8-m.main+fp/hard\libc_nano.a(libc_a-mprec.o)
                0x0800abd8                _Balloc
 .text._Bfree   0x0800ac58       0x44 c:/siliconlabs/simplicitystudio/v5/developer/toolchains/gnu_arm/12.2.rel1_2023.7/bin/../lib/gcc/arm-none-eabi/12.2.1/thumb/v8-m.main+fp/hard\libc_nano.a(libc_a-mprec.o)
                0x0800ac58                _Bfree
 .text.__multadd
                0x0800ac9c       0x90 c:/siliconlabs/simplicitystudio/v5/developer/toolchains/gnu_arm/12.2.rel1_2023.7/bin/../lib/gcc/arm-none-eabi/12.2.1/thumb/v8-m.main+fp/hard\libc_nano.a(libc_a-mprec.o)
                0x0800ac9c                __multadd
 .text.__i2b    0x0800ad2c       0x2c c:/siliconlabs/simplicitystudio/v5/developer/toolchains/gnu_arm/12.2.rel1_2023.7/bin/../lib/gcc/arm-none-eabi/12.2.1/thumb/v8-m.main+fp/hard\libc_nano.a(libc_a-mprec.o)
                0x0800ad2c                __i2b
 .text.__multiply
                0x0800ad58      0x154 c:/siliconlabs/simplicitystudio/v5/developer/toolchains/gnu_arm/12.2.rel1_2023.7/bin/../lib/gcc/arm-none-eabi/12.2.1/thumb/v8-m.main+fp/hard\libc_nano.a(libc_a-mprec.o)
                0x0800ad58                __multiply
 .text.__pow5mult
                0x0800aeac       0xb4 c:/siliconlabs/simplicitystudio/v5/developer/toolchains/gnu_arm/12.2.rel1_2023.7/bin/../lib/gcc/arm-none-eabi/12.2.1/thumb/v8-m.main+fp/hard\libc_nano.a(libc_a-mprec.o)
                0x0800aeac                __pow5mult
 .text.__lshift
                0x0800af60       0xd8 c:/siliconlabs/simplicitystudio/v5/developer/toolchains/gnu_arm/12.2.rel1_2023.7/bin/../lib/gcc/arm-none-eabi/12.2.1/thumb/v8-m.main+fp/hard\libc_nano.a(libc_a-mprec.o)
                0x0800af60                __lshift
 .text.__mdiff  0x0800b038      0x130 c:/siliconlabs/simplicitystudio/v5/developer/toolchains/gnu_arm/12.2.rel1_2023.7/bin/../lib/gcc/arm-none-eabi/12.2.1/thumb/v8-m.main+fp/hard\libc_nano.a(libc_a-mprec.o)
                0x0800b038                __mdiff
 .text.__d2b    0x0800b168       0xb0 c:/siliconlabs/simplicitystudio/v5/developer/toolchains/gnu_arm/12.2.rel1_2023.7/bin/../lib/gcc/arm-none-eabi/12.2.1/thumb/v8-m.main+fp/hard\libc_nano.a(libc_a-mprec.o)
                0x0800b168                __d2b
 .text._svfprintf_r
                0x0800b218      0x1f8 c:/siliconlabs/simplicitystudio/v5/developer/toolchains/gnu_arm/12.2.rel1_2023.7/bin/../lib/gcc/arm-none-eabi/12.2.1/thumb/v8-m.main+fp/hard\libc_nano.a(libc_a-nano-svfprintf.o)
                0x0800b218                _svfiprintf_r
                0x0800b218                _svfprintf_r
 .text._vfprintf_r
                0x0800b410      0x230 c:/siliconlabs/simplicitystudio/v5/developer/toolchains/gnu_arm/12.2.rel1_2023.7/bin/../lib/gcc/arm-none-eabi/12.2.1/thumb/v8-m.main+fp/hard\libc_nano.a(libc_a-nano-vfprintf.o)
                0x0800b410                _vfprintf_r
                0x0800b410                _vfiprintf_r
 .text.raise    0x0800b640       0x10 c:/siliconlabs/simplicitystudio/v5/developer/toolchains/gnu_arm/12.2.rel1_2023.7/bin/../lib/gcc/arm-none-eabi/12.2.1/thumb/v8-m.main+fp/hard\libc_nano.a(libc_a-signal.o)
                0x0800b640                raise
 .text._fstat_r
                0x0800b650       0x24 c:/siliconlabs/simplicitystudio/v5/developer/toolchains/gnu_arm/12.2.rel1_2023.7/bin/../lib/gcc/arm-none-eabi/12.2.1/thumb/v8-m.main+fp/hard\libc_nano.a(libc_a-fstatr.o)
                0x0800b650                _fstat_r
 .text._isatty_r
                0x0800b674       0x20 c:/siliconlabs/simplicitystudio/v5/developer/toolchains/gnu_arm/12.2.rel1_2023.7/bin/../lib/gcc/arm-none-eabi/12.2.1/thumb/v8-m.main+fp/hard\libc_nano.a(libc_a-isattyr.o)
                0x0800b674                _isatty_r
 .text._kill_r  0x0800b694       0x24 c:/siliconlabs/simplicitystudio/v5/developer/toolchains/gnu_arm/12.2.rel1_2023.7/bin/../lib/gcc/arm-none-eabi/12.2.1/thumb/v8-m.main+fp/hard\libc_nano.a(libc_a-signalr.o)
                0x0800b694                _kill_r
 .text.btowc    0x0800b6b8       0x94 c:/siliconlabs/simplicitystudio/v5/developer/toolchains/gnu_arm/12.2.rel1_2023.7/bin/../lib/gcc/arm-none-eabi/12.2.1/thumb/v8-m.main+fp/hard\libc_nano.a(libc_a-btowc.o)
                0x0800b6b8                btowc
 .text._mbrtowc_r
                0x0800b74c       0x34 c:/siliconlabs/simplicitystudio/v5/developer/toolchains/gnu_arm/12.2.rel1_2023.7/bin/../lib/gcc/arm-none-eabi/12.2.1/thumb/v8-m.main+fp/hard\libc_nano.a(libc_a-mbrtowc.o)
                0x0800b74c                _mbrtowc_r
 .text.asinf    0x0800b780       0x58 c:/siliconlabs/simplicitystudio/v5/developer/toolchains/gnu_arm/12.2.rel1_2023.7/bin/../lib/gcc/arm-none-eabi/12.2.1/thumb/v8-m.main+fp/hard\libm.a(libm_a-wf_asin.o)
                0x0800b780                asinf
 .text.atan2f   0x0800b7d8        0x4 c:/siliconlabs/simplicitystudio/v5/developer/toolchains/gnu_arm/12.2.rel1_2023.7/bin/../lib/gcc/arm-none-eabi/12.2.1/thumb/v8-m.main+fp/hard\libm.a(libm_a-wf_atan2.o)
                0x0800b7d8                atan2f
 .text.fabsf    0x0800b7dc       0x10 c:/siliconlabs/simplicitystudio/v5/developer/toolchains/gnu_arm/12.2.rel1_2023.7/bin/../lib/gcc/arm-none-eabi/12.2.1/thumb/v8-m.main+fp/hard\libm.a(libm_a-sf_fabs.o)
                0x0800b7dc                fabsf
 .text.nanf     0x0800b7ec        0xc c:/siliconlabs/simplicitystudio/v5/developer/toolchains/gnu_arm/12.2.rel1_2023.7/bin/../lib/gcc/arm-none-eabi/12.2.1/thumb/v8-m.main+fp/hard\libm.a(libm_a-sf_nan.o)
                0x0800b7ec                nanf
 .text.__ieee754_asinf
                0x0800b7f8      0x1fc c:/siliconlabs/simplicitystudio/v5/developer/toolchains/gnu_arm/12.2.rel1_2023.7/bin/../lib/gcc/arm-none-eabi/12.2.1/thumb/v8-m.main+fp/hard\libm.a(libm_a-ef_asin.o)
                0x0800b7f8                __ieee754_asinf
 .text.__ieee754_atan2f
                0x0800b9f4      0x158 c:/siliconlabs/simplicitystudio/v5/developer/toolchains/gnu_arm/12.2.rel1_2023.7/bin/../lib/gcc/arm-none-eabi/12.2.1/thumb/v8-m.main+fp/hard\libm.a(libm_a-ef_atan2.o)
                0x0800b9f4                __ieee754_atan2f
 .text.atanf    0x0800bb4c      0x1ac c:/siliconlabs/simplicitystudio/v5/developer/toolchains/gnu_arm/12.2.rel1_2023.7/bin/../lib/gcc/arm-none-eabi/12.2.1/thumb/v8-m.main+fp/hard\libm.a(libm_a-sf_atan.o)
                0x0800bb4c                atanf
 .text.__ieee754_sqrtf
                0x0800bcf8        0x8 c:/siliconlabs/simplicitystudio/v5/developer/toolchains/gnu_arm/12.2.rel1_2023.7/bin/../lib/gcc/arm-none-eabi/12.2.1/thumb/v8-m.main+fp/hard\libm.a(libm_a-ef_sqrt.o)
                0x0800bcf8                __ieee754_sqrtf
 .text          0x0800bd00      0x424 c:/siliconlabs/simplicitystudio/v5/developer/toolchains/gnu_arm/12.2.rel1_2023.7/bin/../lib/gcc/arm-none-eabi/12.2.1/thumb/v8-m.main+fp/hard\libgcc.a(_arm_muldivdf3.o)
                0x0800bd00                __aeabi_dmul
                0x0800bd00                __muldf3
                0x0800bf54                __divdf3
                0x0800bf54                __aeabi_ddiv
 .text          0x0800c124      0x110 c:/siliconlabs/simplicitystudio/v5/developer/toolchains/gnu_arm/12.2.rel1_2023.7/bin/../lib/gcc/arm-none-eabi/12.2.1/thumb/v8-m.main+fp/hard\libgcc.a(_arm_cmpdf2.o)
                0x0800c124                __gtdf2
                0x0800c124                __gedf2
                0x0800c12c                __ltdf2
                0x0800c12c                __ledf2
                0x0800c134                __nedf2
                0x0800c134                __eqdf2
                0x0800c134                __cmpdf2
                0x0800c1b0                __aeabi_cdrcmple
                0x0800c1c0                __aeabi_cdcmpeq
                0x0800c1c0                __aeabi_cdcmple
                0x0800c1d0                __aeabi_dcmpeq
                0x0800c1e4                __aeabi_dcmplt
                0x0800c1f8                __aeabi_dcmple
                0x0800c20c                __aeabi_dcmpge
                0x0800c220                __aeabi_dcmpgt
 .text          0x0800c234       0x2c c:/siliconlabs/simplicitystudio/v5/developer/toolchains/gnu_arm/12.2.rel1_2023.7/bin/../lib/gcc/arm-none-eabi/12.2.1/thumb/v8-m.main+fp/hard\libgcc.a(_arm_unorddf2.o)
                0x0800c234                __unorddf2
                0x0800c234                __aeabi_dcmpun
 .text          0x0800c260       0x50 c:/siliconlabs/simplicitystudio/v5/developer/toolchains/gnu_arm/12.2.rel1_2023.7/bin/../lib/gcc/arm-none-eabi/12.2.1/thumb/v8-m.main+fp/hard\libgcc.a(_arm_fixdfsi.o)
                0x0800c260                __aeabi_d2iz
                0x0800c260                __fixdfsi
 .text.__errno  0x0800c2b0        0xc c:/siliconlabs/simplicitystudio/v5/developer/toolchains/gnu_arm/12.2.rel1_2023.7/bin/../lib/gcc/arm-none-eabi/12.2.1/thumb/v8-m.main+fp/hard\libc_nano.a(libc_a-errno.o)
                0x0800c2b0                __errno
 .text.accelerometer_setup
                0x0800c2bc       0x4a ./accelerometer.o
                0x0800c2bc                accelerometer_setup
 .text.accelerometer_read
                0x0800c306       0x58 ./accelerometer.o
                0x0800c306                accelerometer_read
 .text.startup.main
                0x0800c35e       0x14 ./main.o
                0x0800c35e                main
 .text.sl_board_default_init
                0x0800c372        0x2 ./autogen/sl_board_default_init.o
                0x0800c372                sl_board_default_init
 .text.sl_platform_init
                0x0800c374       0x2a ./autogen/sl_event_handler.o
                0x0800c374                sl_platform_init
 .text.sl_driver_init
                0x0800c39e       0x16 ./autogen/sl_event_handler.o
                0x0800c39e                sl_driver_init
 .text.sl_service_init
                0x0800c3b4       0x16 ./autogen/sl_event_handler.o
                0x0800c3b4                sl_service_init
 .text.sl_stack_init
                0x0800c3ca        0x2 ./autogen/sl_event_handler.o
                0x0800c3ca                sl_stack_init
 .text.sl_internal_app_init
                0x0800c3cc        0x4 ./autogen/sl_event_handler.o
                0x0800c3cc                sl_internal_app_init
 .text.sl_platform_process_action
                0x0800c3d0        0x2 ./autogen/sl_event_handler.o
                0x0800c3d0                sl_platform_process_action
 .text.sl_service_process_action
                0x0800c3d2        0x2 ./autogen/sl_event_handler.o
                0x0800c3d2                sl_service_process_action
 .text.sl_stack_process_action
                0x0800c3d4        0x2 ./autogen/sl_event_handler.o
                0x0800c3d4                sl_stack_process_action
 .text.sl_internal_app_process_action
                0x0800c3d6        0x2 ./autogen/sl_event_handler.o
                0x0800c3d6                sl_internal_app_process_action
 .text.sl_iostream_eusart_init_instances
                0x0800c3d8        0x4 ./autogen/sl_iostream_init_eusart_instances.o
                0x0800c3d8                sl_iostream_eusart_init_instances
 .text.EUSART0_TX_IRQHandler
                0x0800c3dc        0x4 ./autogen/sl_iostream_init_eusart_instances.o
                0x0800c3dc                EUSART0_TX_IRQHandler
 .text.sl_board_configure_vcom
                0x0800c3e0        0x4 ./gecko_sdk_4.4.5/hardware/board/src/sl_board_control_gpio.o
                0x0800c3e0                sl_board_configure_vcom
 .text.sl_board_init
                0x0800c3e4       0x1c ./gecko_sdk_4.4.5/hardware/board/src/sl_board_init.o
                0x0800c3e4                sl_board_init
 .text.sl_board_preinit
                0x0800c400        0x8 ./gecko_sdk_4.4.5/hardware/board/src/sl_board_init.o
                0x0800c400                sl_board_preinit
 .text.sli_cos_swo_itm_8_write.constprop.0.isra.0
                0x0800c408       0x78 ./gecko_sdk_4.4.5/hardware/driver/configuration_over_swo/src/sl_cos.o
 .text.sl_cos_send_config
                0x0800c480       0x12 ./gecko_sdk_4.4.5/hardware/driver/configuration_over_swo/src/sl_cos.o
                0x0800c480                sl_cos_send_config
 .text.sl_cos_config_vcom
                0x0800c492       0x1e ./gecko_sdk_4.4.5/hardware/driver/configuration_over_swo/src/sl_cos.o
                0x0800c492                sl_cos_config_vcom
 .text.sl_icm20689_deinit
                0x0800c4b0        0x4 ./gecko_sdk_4.4.5/hardware/driver/icm20689/src/sl_icm20689.o
                0x0800c4b0                sl_icm20689_deinit
 .text.sl_icm20689_reset
                0x0800c4b4       0x14 ./gecko_sdk_4.4.5/hardware/driver/icm20689/src/sl_icm20689.o
                0x0800c4b4                sl_icm20689_reset
 .text.sl_icm20689_masked_write
                0x0800c4c8       0x30 ./gecko_sdk_4.4.5/hardware/driver/icm20689/src/sl_icm20689.o
 .text.sl_icm20689_init
                0x0800c4f8       0x48 ./gecko_sdk_4.4.5/hardware/driver/icm20689/src/sl_icm20689.o
                0x0800c4f8                sl_icm20689_init
 .text.sl_icm20689_gyro_set_bandwidth
                0x0800c540       0x20 ./gecko_sdk_4.4.5/hardware/driver/icm20689/src/sl_icm20689.o
                0x0800c540                sl_icm20689_gyro_set_bandwidth
 .text.sl_icm20689_accel_set_bandwidth
                0x0800c560        0xa ./gecko_sdk_4.4.5/hardware/driver/icm20689/src/sl_icm20689.o
                0x0800c560                sl_icm20689_accel_set_bandwidth
 .text.sl_icm20689_accel_read_data
                0x0800c56a       0x60 ./gecko_sdk_4.4.5/hardware/driver/icm20689/src/sl_icm20689.o
                0x0800c56a                sl_icm20689_accel_read_data
 .text.sl_icm20689_gyro_read_data
                0x0800c5ca       0x60 ./gecko_sdk_4.4.5/hardware/driver/icm20689/src/sl_icm20689.o
                0x0800c5ca                sl_icm20689_gyro_read_data
 .text.sl_icm20689_accel_set_full_scale
                0x0800c62a       0x26 ./gecko_sdk_4.4.5/hardware/driver/icm20689/src/sl_icm20689.o
                0x0800c62a                sl_icm20689_accel_set_full_scale
 .text.sl_icm20689_gyro_set_full_scale
                0x0800c650       0x26 ./gecko_sdk_4.4.5/hardware/driver/icm20689/src/sl_icm20689.o
                0x0800c650                sl_icm20689_gyro_set_full_scale
 .text.sl_icm20689_enable_sensor
                0x0800c676       0x32 ./gecko_sdk_4.4.5/hardware/driver/icm20689/src/sl_icm20689.o
                0x0800c676                sl_icm20689_enable_sensor
 .text.sl_icm20689_enable_interrupt
                0x0800c6a8       0x1c ./gecko_sdk_4.4.5/hardware/driver/icm20689/src/sl_icm20689.o
                0x0800c6a8                sl_icm20689_enable_interrupt
 .text.sl_icm20689_read_interrupt_status
                0x0800c6c4       0x18 ./gecko_sdk_4.4.5/hardware/driver/icm20689/src/sl_icm20689.o
                0x0800c6c4                sl_icm20689_read_interrupt_status
 .text.sl_icm20689_is_data_ready
                0x0800c6dc       0x1c ./gecko_sdk_4.4.5/hardware/driver/icm20689/src/sl_icm20689.o
                0x0800c6dc                sl_icm20689_is_data_ready
 .text.sl_icm20689_get_device_id
                0x0800c6f8       0x10 ./gecko_sdk_4.4.5/hardware/driver/icm20689/src/sl_icm20689.o
                0x0800c6f8                sl_icm20689_get_device_id
 .text.sl_imu_dcm_reset
                0x0800c708       0x1a ./gecko_sdk_4.4.5/hardware/driver/imu/src/sl_imu_dcm.o
                0x0800c708                sl_imu_dcm_reset
 .text.sl_imu_dcm_rotate
                0x0800c722       0x8e ./gecko_sdk_4.4.5/hardware/driver/imu/src/sl_imu_dcm.o
                0x0800c722                sl_imu_dcm_rotate
 .text.sl_imu_dcm_normalize
                0x0800c7b0       0xac ./gecko_sdk_4.4.5/hardware/driver/imu/src/sl_imu_dcm.o
                0x0800c7b0                sl_imu_dcm_normalize
 .text.sl_imu_dcm_get_angles
                0x0800c85c       0x38 ./gecko_sdk_4.4.5/hardware/driver/imu/src/sl_imu_dcm.o
                0x0800c85c                sl_imu_dcm_get_angles
 .text.sl_imu_fuse_new
                0x0800c894       0x3e ./gecko_sdk_4.4.5/hardware/driver/imu/src/sl_imu_fuse.o
                0x0800c894                sl_imu_fuse_new
 .text.sl_imu_fuse_accelerometer_set_sample_rate
                0x0800c8d2        0x6 ./gecko_sdk_4.4.5/hardware/driver/imu/src/sl_imu_fuse.o
                0x0800c8d2                sl_imu_fuse_accelerometer_set_sample_rate
 .text.sl_imu_fuse_accelerometer_update_filter
                0x0800c8d8       0x38 ./gecko_sdk_4.4.5/hardware/driver/imu/src/sl_imu_fuse.o
                0x0800c8d8                sl_imu_fuse_accelerometer_update_filter
 .text.sl_imu_fuse_gyro_update
                0x0800c910       0x38 ./gecko_sdk_4.4.5/hardware/driver/imu/src/sl_imu_fuse.o
                0x0800c910                sl_imu_fuse_gyro_update
 .text.sl_imu_fuse_reset
                0x0800c948       0x38 ./gecko_sdk_4.4.5/hardware/driver/imu/src/sl_imu_fuse.o
                0x0800c948                sl_imu_fuse_reset
 .text.sl_imu_matrix_multiply
                0x0800c980       0x46 ./gecko_sdk_4.4.5/hardware/driver/imu/src/sl_imu_math.o
                0x0800c980                sl_imu_matrix_multiply
 .text.sl_imu_vector_normalize_angle
                0x0800c9c6       0x1a ./gecko_sdk_4.4.5/hardware/driver/imu/src/sl_imu_math.o
                0x0800c9c6                sl_imu_vector_normalize_angle
 .text.sl_imu_vector_zero
                0x0800c9e0        0xa ./gecko_sdk_4.4.5/hardware/driver/imu/src/sl_imu_math.o
                0x0800c9e0                sl_imu_vector_zero
 .text.sl_imu_vector_scalar_multiplication
                0x0800c9ea       0x26 ./gecko_sdk_4.4.5/hardware/driver/imu/src/sl_imu_math.o
                0x0800c9ea                sl_imu_vector_scalar_multiplication
 .text.sl_imu_vector_scale
                0x0800ca10       0x26 ./gecko_sdk_4.4.5/hardware/driver/imu/src/sl_imu_math.o
                0x0800ca10                sl_imu_vector_scale
 .text.sl_imu_vector_add
                0x0800ca36       0x1a ./gecko_sdk_4.4.5/hardware/driver/imu/src/sl_imu_math.o
                0x0800ca36                sl_imu_vector_add
 .text.sl_imu_vector_subtract
                0x0800ca50       0x1a ./gecko_sdk_4.4.5/hardware/driver/imu/src/sl_imu_math.o
                0x0800ca50                sl_imu_vector_subtract
 .text.sl_imu_vector_cross_product
                0x0800ca6a       0x56 ./gecko_sdk_4.4.5/hardware/driver/imu/src/sl_imu_math.o
                0x0800ca6a                sl_imu_vector_cross_product
 .text.Default_Handler
                0x0800cac0        0x2 ./gecko_sdk_4.4.5/platform/Device/SiliconLabs/EFR32MG24/Source/startup_efr32mg24.o
                0x0800cac0                ULFRCO_IRQHandler
                0x0800cac0                AHB2AHB1_IRQHandler
                0x0800cac0                SW2_IRQHandler
                0x0800cac0                TIMER2_IRQHandler
                0x0800cac0                DebugMon_Handler
                0x0800cac0                USART0_TX_IRQHandler
                0x0800cac0                IADC_IRQHandler
                0x0800cac0                I2C0_IRQHandler
                0x0800cac0                LFXO_IRQHandler
                0x0800cac0                SMU_SECURE_IRQHandler
                0x0800cac0                SysTick_Handler
                0x0800cac0                SYSRTC_SEQ_IRQHandler
                0x0800cac0                EMUEFP_IRQHandler
                0x0800cac0                PendSV_Handler
                0x0800cac0                NMI_Handler
                0x0800cac0                SYNTH_IRQHandler
                0x0800cac0                HOSTMAILBOX_IRQHandler
                0x0800cac0                HFXO0_IRQHandler
                0x0800cac0                I2C1_IRQHandler
                0x0800cac0                WDOG0_IRQHandler
                0x0800cac0                TIMER3_IRQHandler
                0x0800cac0                SYSCFG_IRQHandler
                0x0800cac0                RFECA1_IRQHandler
                0x0800cac0                EMUDG_IRQHandler
                0x0800cac0                MSC_IRQHandler
                0x0800cac0                DPLL0_IRQHandler
                0x0800cac0                UsageFault_Handler
                0x0800cac0                WDOG1_IRQHandler
                0x0800cac0                M33CTI1_IRQHandler
                0x0800cac0                TIMER4_IRQHandler
                0x0800cac0                VDAC0_IRQHandler
                0x0800cac0                SEMBTX_IRQHandler
                0x0800cac0                SW0_IRQHandler
                0x0800cac0                TIMER0_IRQHandler
                0x0800cac0                MVP_IRQHandler
                0x0800cac0                LETIMER0_IRQHandler
                0x0800cac0                EUSART1_RX_IRQHandler
                0x0800cac0                TIMER1_IRQHandler
                0x0800cac0                HFRCO0_IRQHandler
                0x0800cac0                SecureFault_Handler
                0x0800cac0                BUFC_IRQHandler
                0x0800cac0                DCDC_IRQHandler
                0x0800cac0                MODEM_IRQHandler
                0x0800cac0                Default_Handler
                0x0800cac0                RAC_SEQ_IRQHandler
                0x0800cac0                FRC_PRI_IRQHandler
                0x0800cac0                EMU_IRQHandler
                0x0800cac0                SW3_IRQHandler
                0x0800cac0                KERNEL0_IRQHandler
                0x0800cac0                FRC_IRQHandler
                0x0800cac0                PCNT0_IRQHandler
                0x0800cac0                KERNEL1_IRQHandler
                0x0800cac0                AGC_IRQHandler
                0x0800cac0                EUSART1_TX_IRQHandler
                0x0800cac0                KEYSCAN_IRQHandler
                0x0800cac0                sl_app_properties
                0x0800cac0                HFRCOEM23_IRQHandler
                0x0800cac0                BURTC_IRQHandler
                0x0800cac0                SEMBRX_IRQHandler
                0x0800cac0                RFECA0_IRQHandler
                0x0800cac0                LFRCO_IRQHandler
                0x0800cac0                VDAC1_IRQHandler
                0x0800cac0                ACMP0_IRQHandler
                0x0800cac0                USART0_RX_IRQHandler
                0x0800cac0                MemManage_Handler
                0x0800cac0                AHB2AHB0_IRQHandler
                0x0800cac0                SVC_Handler
                0x0800cac0                SMU_S_PRIVILEGED_IRQHandler
                0x0800cac0                SW1_IRQHandler
                0x0800cac0                CMU_IRQHandler
                0x0800cac0                RAC_RSM_IRQHandler
                0x0800cac0                SETAMPERHOST_IRQHandler
                0x0800cac0                AES_IRQHandler
                0x0800cac0                M33CTI0_IRQHandler
                0x0800cac0                ICACHE0_IRQHandler
                0x0800cac0                SMU_NS_PRIVILEGED_IRQHandler
                0x0800cac0                FPUEXH_IRQHandler
                0x0800cac0                PROTIMER_IRQHandler
                0x0800cac0                ACMP1_IRQHandler
                0x0800cac0                BusFault_Handler
                0x0800cac0                MPAHBRAM_IRQHandler
 .text.FlashToRamCopy
                0x0800cac2       0x16 ./gecko_sdk_4.4.5/platform/Device/SiliconLabs/EFR32MG24/Source/system_efr32mg24.o
                0x0800cac2                FlashToRamCopy
 .text.SystemCLKIN0Get
                0x0800cad8        0x4 ./gecko_sdk_4.4.5/platform/Device/SiliconLabs/EFR32MG24/Source/system_efr32mg24.o
                0x0800cad8                SystemCLKIN0Get
 .text.SystemLFRCOClockGet
                0x0800cadc        0x6 ./gecko_sdk_4.4.5/platform/Device/SiliconLabs/EFR32MG24/Source/system_efr32mg24.o
                0x0800cadc                SystemLFRCOClockGet
 .text.SystemULFRCOClockGet
                0x0800cae2        0x6 ./gecko_sdk_4.4.5/platform/Device/SiliconLabs/EFR32MG24/Source/system_efr32mg24.o
                0x0800cae2                SystemULFRCOClockGet
 .text.assertEFM
                0x0800cae8        0x2 ./gecko_sdk_4.4.5/platform/common/src/sl_assert.o
                0x0800cae8                assertEFM
 .text.sl_debug_swo_enable_itm
                0x0800caea       0x16 ./gecko_sdk_4.4.5/platform/driver/debug/src/sl_debug_swo.o
                0x0800caea                sl_debug_swo_enable_itm
 .text.sl_debug_swo_disable_itm
                0x0800cb00       0x18 ./gecko_sdk_4.4.5/platform/driver/debug/src/sl_debug_swo.o
                0x0800cb00                sl_debug_swo_disable_itm
 .text.sl_led_init
                0x0800cb18        0x6 ./gecko_sdk_4.4.5/platform/driver/leddrv/src/sl_led.o
                0x0800cb18                sl_led_init
 .text.sl_simple_led_init
                0x0800cb1e       0x22 ./gecko_sdk_4.4.5/platform/driver/leddrv/src/sl_simple_led.o
                0x0800cb1e                sl_simple_led_init
 .text.sl_simple_led_turn_on
                0x0800cb40       0x12 ./gecko_sdk_4.4.5/platform/driver/leddrv/src/sl_simple_led.o
                0x0800cb40                sl_simple_led_turn_on
 .text.sl_simple_led_turn_off
                0x0800cb52       0x12 ./gecko_sdk_4.4.5/platform/driver/leddrv/src/sl_simple_led.o
                0x0800cb52                sl_simple_led_turn_off
 .text.DMADRV_PeripheralMemory
                0x0800cb64       0x34 ./gecko_sdk_4.4.5/platform/emdrv/dmadrv/src/dmadrv.o
                0x0800cb64                DMADRV_PeripheralMemory
 .text.BUS_RegMaskedWrite
                0x0800cb98       0x1e ./gecko_sdk_4.4.5/platform/emlib/src/em_cmu.o
 .text.waitStateMax
                0x0800cbb6       0x10 ./gecko_sdk_4.4.5/platform/emlib/src/em_cmu.o
 .text.CMU_UpdateWaitStates
                0x0800cbc6        0xc ./gecko_sdk_4.4.5/platform/emlib/src/em_cmu.o
                0x0800cbc6                CMU_UpdateWaitStates
 .text.pclkDivMax
                0x0800cbd2        0xa ./gecko_sdk_4.4.5/platform/emlib/src/em_cmu.o
 .text.sli_em_cmu_SYSCLKInitPostClockSelect
                0x0800cbdc       0x2a ./gecko_sdk_4.4.5/platform/emlib/src/em_cmu.o
                0x0800cbdc                sli_em_cmu_SYSCLKInitPostClockSelect
 .text.CORE_EnterCritical
                0x0800cc06        0x8 ./gecko_sdk_4.4.5/platform/emlib/src/em_core.o
                0x0800cc06                CORE_EnterCritical
 .text.CORE_ExitCritical
                0x0800cc0e        0x6 ./gecko_sdk_4.4.5/platform/emlib/src/em_core.o
                0x0800cc0e                CORE_ExitCritical
 .text.CORE_EnterAtomic
                0x0800cc14        0xc ./gecko_sdk_4.4.5/platform/emlib/src/em_core.o
                0x0800cc14                CORE_EnterAtomic
 .text.CORE_ExitAtomic
                0x0800cc20        0x6 ./gecko_sdk_4.4.5/platform/emlib/src/em_core.o
                0x0800cc20                CORE_ExitAtomic
 .text.EMU_EFPEM01VScale
                0x0800cc26        0x2 ./gecko_sdk_4.4.5/platform/emlib/src/em_emu.o
                0x0800cc26                EMU_EFPEM01VScale
 .text.EMU_DCDCUpdatedHook
                0x0800cc28        0x2 ./gecko_sdk_4.4.5/platform/emlib/src/em_emu.o
                0x0800cc28                EMU_DCDCUpdatedHook
 .text.eusart_sync
                0x0800cc2a        0x8 ./gecko_sdk_4.4.5/platform/emlib/src/em_eusart.o
 .text.EUSART_Disable
                0x0800cc32       0x34 ./gecko_sdk_4.4.5/platform/emlib/src/em_eusart.o
 .text.EUSART_Tx
                0x0800cc66        0xa ./gecko_sdk_4.4.5/platform/emlib/src/em_eusart.o
                0x0800cc66                EUSART_Tx
 .text.EUSART_Spi_TxRx
                0x0800cc70       0x14 ./gecko_sdk_4.4.5/platform/emlib/src/em_eusart.o
                0x0800cc70                EUSART_Spi_TxRx
 .text.BUS_RegMaskedWrite
                0x0800cc84       0x1e ./gecko_sdk_4.4.5/platform/emlib/src/em_gpio.o
 .text.GPIO_DbgLocationSet
                0x0800cca2        0x2 ./gecko_sdk_4.4.5/platform/emlib/src/em_gpio.o
                0x0800cca2                GPIO_DbgLocationSet
 .text.USART_SpiTransfer
                0x0800cca4       0x14 ./gecko_sdk_4.4.5/platform/emlib/src/em_usart.o
                0x0800cca4                USART_SpiTransfer
 .text.sl_iostream_write
                0x0800ccb8       0x22 ./gecko_sdk_4.4.5/platform/service/iostream/src/sl_iostream.o
                0x0800ccb8                sl_iostream_write
 .text.sl_iostream_read
                0x0800ccda       0x30 ./gecko_sdk_4.4.5/platform/service/iostream/src/sl_iostream.o
                0x0800ccda                sl_iostream_read
 .text.eusart_deinit
                0x0800cd0a       0x70 ./gecko_sdk_4.4.5/platform/service/iostream/src/sl_iostream_eusart.o
 .text.eusart_set_next_byte_detect
                0x0800cd7a       0x30 ./gecko_sdk_4.4.5/platform/service/iostream/src/sl_iostream_eusart.o
 .text.eusart_tx
                0x0800cdaa        0xc ./gecko_sdk_4.4.5/platform/service/iostream/src/sl_iostream_eusart.o
 .text.sl_iostream_eusart_irq_handler
                0x0800cdb6       0x72 ./gecko_sdk_4.4.5/platform/service/iostream/src/sl_iostream_eusart.o
                0x0800cdb6                sl_iostream_eusart_irq_handler
 .text._close   0x0800ce28        0x4 ./gecko_sdk_4.4.5/platform/service/iostream/src/sl_iostream_retarget_stdio.o
                0x0800ce28                _close
 .text._exit    0x0800ce2c        0x2 ./gecko_sdk_4.4.5/platform/service/iostream/src/sl_iostream_retarget_stdio.o
                0x0800ce2c                _exit
 .text._fstat   0x0800ce2e        0xa ./gecko_sdk_4.4.5/platform/service/iostream/src/sl_iostream_retarget_stdio.o
                0x0800ce2e                _fstat
 .text._getpid  0x0800ce38        0x4 ./gecko_sdk_4.4.5/platform/service/iostream/src/sl_iostream_retarget_stdio.o
                0x0800ce38                _getpid
 .text._isatty  0x0800ce3c        0x4 ./gecko_sdk_4.4.5/platform/service/iostream/src/sl_iostream_retarget_stdio.o
                0x0800ce3c                _isatty
 .text._kill    0x0800ce40        0x6 ./gecko_sdk_4.4.5/platform/service/iostream/src/sl_iostream_retarget_stdio.o
                0x0800ce40                _kill
 .text._lseek   0x0800ce46        0x4 ./gecko_sdk_4.4.5/platform/service/iostream/src/sl_iostream_retarget_stdio.o
                0x0800ce46                _lseek